Archive member included to satisfy reference by file (symbol)

c:/intelfpga_lite/16.1/nios2eds/bin/gnu/h-x86_64-mingw32/bin/../lib/gcc/nios2-elf/5.3.0\libgcc.a(lib2-divmod.o)
                              obj/default/drivers/drivers.o (__divsi3)
c:/intelfpga_lite/16.1/nios2eds/bin/gnu/h-x86_64-mingw32/bin/../lib/gcc/nios2-elf/5.3.0\libgcc.a(fixsfsi.o)
                              obj/default/drivers/drivers.o (__fixsfsi)
c:/intelfpga_lite/16.1/nios2eds/bin/gnu/h-x86_64-mingw32/bin/../lib/gcc/nios2-elf/5.3.0/../../../../../H-x86_64-mingw32/nios2-elf/lib\libc.a(lib_a-malloc.o)
                              obj/default/graphic_lib/draw_gimps.o (malloc)
c:/intelfpga_lite/16.1/nios2eds/bin/gnu/h-x86_64-mingw32/bin/../lib/gcc/nios2-elf/5.3.0/../../../../../H-x86_64-mingw32/nios2-elf/lib\libc.a(lib_a-mallocr.o)
                              c:/intelfpga_lite/16.1/nios2eds/bin/gnu/h-x86_64-mingw32/bin/../lib/gcc/nios2-elf/5.3.0/../../../../../H-x86_64-mingw32/nios2-elf/lib\libc.a(lib_a-malloc.o) (_malloc_r)
c:/intelfpga_lite/16.1/nios2eds/bin/gnu/h-x86_64-mingw32/bin/../lib/gcc/nios2-elf/5.3.0/../../../../../H-x86_64-mingw32/nios2-elf/lib\libc.a(lib_a-memcpy.o)
                              obj/default/graphic_lib/draw_gimps.o (memcpy)
c:/intelfpga_lite/16.1/nios2eds/bin/gnu/h-x86_64-mingw32/bin/../lib/gcc/nios2-elf/5.3.0/../../../../../H-x86_64-mingw32/nios2-elf/lib\libc.a(lib_a-memset.o)
                              obj/default/vip_fr.o (memset)
c:/intelfpga_lite/16.1/nios2eds/bin/gnu/h-x86_64-mingw32/bin/../lib/gcc/nios2-elf/5.3.0/../../../../../H-x86_64-mingw32/nios2-elf/lib\libc.a(lib_a-printf.o)
                              obj/default/graphic_lib/draw_gimps.o (printf)
c:/intelfpga_lite/16.1/nios2eds/bin/gnu/h-x86_64-mingw32/bin/../lib/gcc/nios2-elf/5.3.0/../../../../../H-x86_64-mingw32/nios2-elf/lib\libc.a(lib_a-sbrkr.o)
                              c:/intelfpga_lite/16.1/nios2eds/bin/gnu/h-x86_64-mingw32/bin/../lib/gcc/nios2-elf/5.3.0/../../../../../H-x86_64-mingw32/nios2-elf/lib\libc.a(lib_a-mallocr.o) (_sbrk_r)
c:/intelfpga_lite/16.1/nios2eds/bin/gnu/h-x86_64-mingw32/bin/../lib/gcc/nios2-elf/5.3.0/../../../../../H-x86_64-mingw32/nios2-elf/lib\libc.a(lib_a-strcpy.o)
                              obj/default/graphic_lib/simple_graphics.o (strcpy)
c:/intelfpga_lite/16.1/nios2eds/bin/gnu/h-x86_64-mingw32/bin/../lib/gcc/nios2-elf/5.3.0/../../../../../H-x86_64-mingw32/nios2-elf/lib\libc.a(lib_a-strlen.o)
                              obj/default/graphic_lib/simple_graphics.o (strlen)
c:/intelfpga_lite/16.1/nios2eds/bin/gnu/h-x86_64-mingw32/bin/../lib/gcc/nios2-elf/5.3.0/../../../../../H-x86_64-mingw32/nios2-elf/lib\libc.a(lib_a-vfprintf.o)
                              c:/intelfpga_lite/16.1/nios2eds/bin/gnu/h-x86_64-mingw32/bin/../lib/gcc/nios2-elf/5.3.0/../../../../../H-x86_64-mingw32/nios2-elf/lib\libc.a(lib_a-printf.o) (___vfprintf_internal_r)
c:/intelfpga_lite/16.1/nios2eds/bin/gnu/h-x86_64-mingw32/bin/../lib/gcc/nios2-elf/5.3.0/../../../../../H-x86_64-mingw32/nios2-elf/lib\libc.a(lib_a-wsetup.o)
                              c:/intelfpga_lite/16.1/nios2eds/bin/gnu/h-x86_64-mingw32/bin/../lib/gcc/nios2-elf/5.3.0/../../../../../H-x86_64-mingw32/nios2-elf/lib\libc.a(lib_a-vfprintf.o) (__swsetup_r)
c:/intelfpga_lite/16.1/nios2eds/bin/gnu/h-x86_64-mingw32/bin/../lib/gcc/nios2-elf/5.3.0/../../../../../H-x86_64-mingw32/nios2-elf/lib\libc.a(lib_a-dtoa.o)
                              c:/intelfpga_lite/16.1/nios2eds/bin/gnu/h-x86_64-mingw32/bin/../lib/gcc/nios2-elf/5.3.0/../../../../../H-x86_64-mingw32/nios2-elf/lib\libc.a(lib_a-vfprintf.o) (_dtoa_r)
c:/intelfpga_lite/16.1/nios2eds/bin/gnu/h-x86_64-mingw32/bin/../lib/gcc/nios2-elf/5.3.0/../../../../../H-x86_64-mingw32/nios2-elf/lib\libc.a(lib_a-fflush.o)
                              c:/intelfpga_lite/16.1/nios2eds/bin/gnu/h-x86_64-mingw32/bin/../lib/gcc/nios2-elf/5.3.0/../../../../../H-x86_64-mingw32/nios2-elf/lib\libc.a(lib_a-vfprintf.o) (_fflush_r)
c:/intelfpga_lite/16.1/nios2eds/bin/gnu/h-x86_64-mingw32/bin/../lib/gcc/nios2-elf/5.3.0/../../../../../H-x86_64-mingw32/nios2-elf/lib\libc.a(lib_a-findfp.o)
                              c:/intelfpga_lite/16.1/nios2eds/bin/gnu/h-x86_64-mingw32/bin/../lib/gcc/nios2-elf/5.3.0/../../../../../H-x86_64-mingw32/nios2-elf/lib\libc.a(lib_a-vfprintf.o) (__sinit)
c:/intelfpga_lite/16.1/nios2eds/bin/gnu/h-x86_64-mingw32/bin/../lib/gcc/nios2-elf/5.3.0/../../../../../H-x86_64-mingw32/nios2-elf/lib\libc.a(lib_a-freer.o)
                              c:/intelfpga_lite/16.1/nios2eds/bin/gnu/h-x86_64-mingw32/bin/../lib/gcc/nios2-elf/5.3.0/../../../../../H-x86_64-mingw32/nios2-elf/lib\libc.a(lib_a-malloc.o) (_free_r)
c:/intelfpga_lite/16.1/nios2eds/bin/gnu/h-x86_64-mingw32/bin/../lib/gcc/nios2-elf/5.3.0/../../../../../H-x86_64-mingw32/nios2-elf/lib\libc.a(lib_a-fwalk.o)
[...]
Memory Configuration

Name             Origin             Length             Attributes
reset            0x0000000004000000 0x0000000000000020
sdram_BEFORE_EXCEPTION 0x0000000004000020 0x000000000057e400
sdram            0x000000000457e420 0x0000000003a81be0
*default*        0x0000000000000000 0xffffffffffffffff

Linker script and memory map

LOAD ../lab5_bsp//obj/HAL/src/crt0.o
LOAD obj/default/drivers/drivers.o
LOAD obj/default/fonts/tahomabold_20.o
LOAD obj/default/fonts/tahomabold_32.o
LOAD obj/default/frame.o
LOAD obj/default/graphic_lib/draw_gimps.o
LOAD obj/default/graphic_lib/gimp_bmp.o
LOAD obj/default/graphic_lib/simple_graphics.o
LOAD obj/default/graphic_lib/simple_text.o
LOAD obj/default/hello_ucosii.o
LOAD obj/default/imagenes/back_down.o
LOAD obj/default/imagenes/back_up.o
LOAD obj/default/imagenes/ford_down.o
LOAD obj/default/imagenes/ford_up.o
LOAD obj/default/imagenes/pause_down.o
LOAD obj/default/imagenes/pause_up.o
LOAD obj/default/imagenes/play_down.o
LOAD obj/default/imagenes/play_up.o
LOAD obj/default/imagenes/stop_down.o
LOAD obj/default/imagenes/stop_up.o
LOAD obj/default/song/song0.o
LOAD obj/default/song/song1.o
LOAD obj/default/song/song2.o
LOAD obj/default/student_code/student_code.o
LOAD obj/default/vip_fr.o
LOAD c:/intelfpga_lite/16.1/nios2eds/bin/gnu/h-x86_64-mingw32/bin/../lib/gcc/nios2-elf/5.3.0/../../../../../H-x86_64-mingw32/nios2-elf/lib\libstdc++.a
LOAD c:/intelfpga_lite/16.1/nios2eds/bin/gnu/h-x86_64-mingw32/bin/../lib/gcc/nios2-elf/5.3.0/../../../../../H-x86_64-mingw32/nios2-elf/lib\libm.a
LOAD c:/intelfpga_lite/16.1/nios2eds/bin/gnu/h-x86_64-mingw32/bin/../lib/gcc/nios2-elf/5.3.0\libgcc.a
START GROUP
LOAD c:/intelfpga_lite/16.1/nios2eds/bin/gnu/h-x86_64-mingw32/bin/../lib/gcc/nios2-elf/5.3.0/../../../../../H-x86_64-mingw32/nios2-elf/lib\libc.a
LOAD c:/intelfpga_lite/16.1/nios2eds/bin/gnu/h-x86_64-mingw32/bin/../lib/gcc/nios2-elf/5.3.0\libgcc.a
LOAD ../lab5_bsp/\libucosii_bsp.a
LOAD c:/intelfpga_lite/16.1/nios2eds/bin/gnu/h-x86_64-mingw32/bin/../lib/gcc/nios2-elf/5.3.0/../../../../../H-x86_64-mingw32/nios2-elf/lib\libm.a
END GROUP
LOAD c:/intelfpga_lite/16.1/nios2eds/bin/gnu/h-x86_64-mingw32/bin/../lib/gcc/nios2-elf/5.3.0\libgcc.a
                0x0000000004000000                __alt_mem_sdram = 0x4000000

.entry          0x0000000004000000       0x20
 *(.entry)
 .entry         0x0000000004000000       0x20 ../lab5_bsp//obj/HAL/src/crt0.o
                0x0000000004000000                __reset

.exceptions     0x000000000457e420      0x144
                0x000000000457e420                PROVIDE (__ram_exceptions_start, ABSOLUTE (.))
                0x000000000457e420                . = ALIGN (0x20)
 *(.irq)
 *(.exceptions.entry.label)
 .exceptions.entry.label
                0x000000000457e420        0x0 ../lab5_bsp/\libucosii_bsp.a(alt_irq_entry.o)
                0x000000000457e420                alt_irq_entry
 .exceptions.entry.label
                0x000000000457e420        0x0 ../lab5_bsp/\libucosii_bsp.a(alt_exception_entry.o)
                0x000000000457e420                alt_exception
 *(.exceptions.entry.user)
 *(.exceptions.entry.ecc_fatal)
 *(.exceptions.entry)
 .exceptions.entry
                0x000000000457e420       0x54 ../lab5_bsp/\libucosii_bsp.a(alt_exception_entry.o)
 *(.exceptions.irqtest.user)
 *(.exceptions.irqtest)
 .exceptions.irqtest
                0x000000000457e474       0x10 ../lab5_bsp/\libucosii_bsp.a(alt_irq_entry.o)
 *(.exceptions.irqhandler.user)
 *(.exceptions.irqhandler)
 .exceptions.irqhandler
                0x000000000457e484        0x4 ../lab5_bsp/\libucosii_bsp.a(alt_irq_entry.o)
 *(.exceptions.irqreturn.user)
 *(.exceptions.irqreturn)
 .exceptions.irqreturn
                0x000000000457e488        0x4 ../lab5_bsp/\libucosii_bsp.a(alt_irq_entry.o)
 *(.exceptions.notirq.label)
 .exceptions.notirq.label
                0x000000000457e48c        0x0 ../lab5_bsp/\libucosii_bsp.a(alt_irq_entry.o)
 *(.exceptions.notirq.user)
 *(.exceptions.notirq)
 .exceptions.notirq
                0x000000000457e48c        0x8 ../lab5_bsp/\libucosii_bsp.a(alt_exception_entry.o)
 *(.exceptions.soft.user)
 *(.exceptions.soft)
 *(.exceptions.unknown.user)
 *(.exceptions.unknown)
 .exceptions.unknown
                0x000000000457e494        0x4 ../lab5_bsp/\libucosii_bsp.a(alt_exception_entry.o)
 *(.exceptions.exit.label)
 .exceptions.exit.label
                0x000000000457e498        0x0 ../lab5_bsp/\libucosii_bsp.a(alt_irq_entry.o)
 .exceptions.exit.label
                0x000000000457e498        0x0 ../lab5_bsp/\libucosii_bsp.a(alt_exception_entry.o)
 *(.exceptions.exit.user)
 *(.exceptions.exit)
 .exceptions.exit
                0x000000000457e498       0x54 ../lab5_bsp/\libucosii_bsp.a(alt_exception_entry.o)
 *(.exceptions)
 .exceptions    0x000000000457e4ec       0x78 ../lab5_bsp/\libucosii_bsp.a(alt_irq_handler.o)
                0x000000000457e4ec                alt_irq_handler
                0x000000000457e564                PROVIDE (__ram_exceptions_end, ABSOLUTE (.))
                0x000000000457e420                PROVIDE (__flash_exceptions_start, LOADADDR (.exceptions))

.text           0x000000000457e564    0x19244
                [!provide]                        PROVIDE (stext, ABSOLUTE (.))
 *(.interp)
 *(.hash)
 *(.dynsym)
 *(.dynstr)
 *(.gnu.version)
 *(.gnu.version_d)
 *(.gnu.version_r)
 *(.rel.init)
 *(.rela.init)
 *(.rel.text .rel.text.* .rel.gnu.linkonce.t.*)
 *(.rela.text .rela.text.* .rela.gnu.linkonce.t.*)
 *(.rel.fini)
 *(.rela.fini)
 *(.rel.rodata .rel.rodata.* .rel.gnu.linkonce.r.*)
 *(.rela.rodata .rela.rodata.* .rela.gnu.linkonce.r.*)
 *(.rel.data .rel.data.* .rel.gnu.linkonce.d.*)
 *(.rela.data .rela.data.* .rela.gnu.linkonce.d.*)
 *(.rel.tdata .rel.tdata.* .rel.gnu.linkonce.td.*)
 *(.rela.tdata .rela.tdata.* .rela.gnu.linkonce.td.*)
 *(.rel.tbss .rel.tbss.* .rel.gnu.linkonce.tb.*)
 *(.rela.tbss .rela.tbss.* .rela.gnu.linkonce.tb.*)
 *(.rel.ctors)
 *(.rela.ctors)
 *(.rel.dtors)
 *(.rela.dtors)
 *(.rel.got)
 *(.rela.got)
 *(.rel.sdata .rel.sdata.* .rel.gnu.linkonce.s.*)
 *(.rela.sdata .rela.sdata.* .rela.gnu.linkonce.s.*)
 *(.rel.sbss .rel.sbss.* .rel.gnu.linkonce.sb.*)
 *(.rela.sbss .rela.sbss.* .rela.gnu.linkonce.sb.*)
 *(.rel.sdata2 .rel.sdata2.* .rel.gnu.linkonce.s2.*)
 *(.rela.sdata2 .rela.sdata2.* .rela.gnu.linkonce.s2.*)
 *(.rel.sbss2 .rel.sbss2.* .rel.gnu.linkonce.sb2.*)
 *(.rela.sbss2 .rela.sbss2.* .rela.gnu.linkonce.sb2.*)
 *(.rel.bss .rel.bss.* .rel.gnu.linkonce.b.*)
 *(.rela.bss .rela.bss.* .rela.gnu.linkonce.b.*)
 *(.rel.plt)
 *(.rela.plt)
 *(.rel.dyn)
 *(.init)
 *(.plt)
 *(.text .stub .text.* .gnu.linkonce.t.*)
 .text          0x000000000457e564       0x4c ../lab5_bsp//obj/HAL/src/crt0.o
                0x000000000457e564                _start
 .text          0x000000000457e5b0     0x1818 obj/default/drivers/drivers.o
                0x000000000457e5b0                audio_dac_wr_fifo
                0x000000000457e610                stop_wav
                0x000000000457e638                play_wav
                0x000000000457e658                pause_wav
                0x000000000457e670                audio_dac_fifo_full
                0x000000000457e684                init_audio_hw
                0x000000000457e6d8                set_audio_frequency_audio_controller
                0x000000000457e710                set_note
                0x000000000457e748                select_modulation
                0x000000000457e75c                select_signal
                0x000000000457e770                audio_selector
                0x000000000457e784                read_keyboard
                0x000000000457e794                mouse_pos
                0x000000000457e840                Sleep
                0x000000000457e88c                Beep
                0x000000000457e8c8                starwars
                0x000000000457ea28                gloria
                0x000000000457ef00                mario
                0x000000000457f79c                tetris
 .text          0x000000000457fdc8        0x0 obj/default/fonts/tahomabold_20.o
 .text          0x000000000457fdc8        0x0 obj/default/fonts/tahomabold_32.o
 .text          0x000000000457fdc8      0x118 obj/default/frame.o
                0x000000000457fdc8                ConfigVFR
                0x000000000457fe8c                GetFrameBuffer
                0x000000000457fea8                cleanscreen
 .text          0x000000000457fee0      0x508 obj/default/graphic_lib/draw_gimps.o
                0x000000000457fee0                AsVidCopyImageToBuffer
                0x000000000457ffb8                AsVidCopyImageToBuffer2
                0x0000000004580094                AsVidCopyImageToBuffer3
                0x0000000004580180                DispIMAGE
                0x0000000004580230                DispIMAGE_fit
                0x000000000458031c                DispIMAGE_from_gimp
 .text          0x00000000045803e8      0x5c4 obj/default/graphic_lib/gimp_bmp.o
                0x00000000045803e8                copy_pix_map_32_to_32
                0x000000000458044c                copy_pix_map_32_to_24
                0x00000000045804fc                copy_pix_map_32_to_16
                0x000000000458057c                copy_pix_map_24_to_32
                0x000000000458064c                copy_pix_map_24_to_24
                0x00000000045806fc                copy_pix_map_24_to_16
                0x00000000045807bc                load_gimp_bmp
 .text          0x00000000045809ac     0x1f00 obj/default/graphic_lib/simple_graphics.o
                0x00000000045809ac                vid_scroll_string_quit
                0x00000000045809dc                vid_scroll_string_init
                0x0000000004580ab4                vid_set_pixel
                0x0000000004580ba8                vid_print_char
                0x0000000004580c80                vid_print_string
                0x0000000004580d54                vid_get_pixel
                0x0000000004580db0                vid_move_block
                0x0000000004580eac                vid_paint_block
                0x0000000004581038                vid_clean_screen
                0x0000000004581068                vid_draw_horiz_line
                0x00000000045812a8                vid_merge_colors
                0x00000000045812c4                vid_color_convert24_16
                0x00000000045812f8                vid_color_convert16_24
                0x0000000004581320                vid_copy_line_to_frame_buffer
                0x00000000045814e0                vid_draw_sloped_line
                0x0000000004581644                vid_draw_line
                0x00000000045816c0                vid_draw_box
                0x0000000004581838                vid_scroll_string
                0x0000000004581a50                vid_round_corner_points
                0x0000000004581ea8                vid_draw_circle
                0x0000000004581fc8                vid_draw_round_corner_box
                0x00000000045822b4                max_diff3
                0x00000000045822e0                vid_bres_scan_edges
                0x0000000004582428                vid_draw_triangle
                0x00000000045826fc                CopyImage16
                0x00000000045827b0                CropImage16
 .text          0x00000000045828ac      0x648 obj/default/graphic_lib/simple_text.o
                0x00000000045828ac                vid_print_char_alpha
                0x0000000004582cdc                vid_print_string_alpha
                0x0000000004582e78                vid_string_pixel_length_alpha
 .text          0x0000000004582ef4     0x1698 obj/default/hello_ucosii.o
                0x0000000004582ef4                draw_button
                0x000000000458306c                task2
                0x0000000004583f18                init_background
                0x0000000004584374                send_audio_fifo
                0x00000000045843e0                task1
                0x00000000045844ac                main
 .text          0x000000000458458c        0x0 obj/default/imagenes/back_down.o
 .text          0x000000000458458c        0x0 obj/default/imagenes/back_up.o
 .text          0x000000000458458c        0x0 obj/default/imagenes/ford_down.o
 .text          0x000000000458458c        0x0 obj/default/imagenes/ford_up.o
 .text          0x000000000458458c        0x0 obj/default/imagenes/pause_down.o
 .text          0x000000000458458c        0x0 obj/default/imagenes/pause_up.o
 .text          0x000000000458458c        0x0 obj/default/imagenes/play_down.o
 .text          0x000000000458458c        0x0 obj/default/imagenes/play_up.o
 .text          0x000000000458458c        0x0 obj/default/imagenes/stop_down.o
 .text          0x000000000458458c        0x0 obj/default/imagenes/stop_up.o
 .text          0x000000000458458c        0x0 obj/default/song/song0.o
 .text          0x000000000458458c        0x0 obj/default/song/song1.o
 .text          0x000000000458458c        0x0 obj/default/song/song2.o
 .text          0x000000000458458c       0xa0 obj/default/student_code/student_code.o
                0x000000000458458c                handle_lfsr_interrupts
                0x00000000045845e0                init_lfsr_interrupt
 .text          0x000000000458462c      0x2b8 obj/default/vip_fr.o
                0x000000000458462c                VIPFR_UnInit
                0x0000000004584648                VIPFR_Go
                0x0000000004584658                VIPFR_GetDrawFrame
                0x0000000004584670                VIPFR_ActiveDrawFrame
                0x00000000045846b8                DRAW_EraseScreen
                0x0000000004584708                FrameReader_SetFrame0
                0x0000000004584730                FrameReader_SetFrame1
                0x0000000004584758                VIPFR_SetFrameSize
                0x00000000045847dc                VIPFR_Init
                0x0000000004584880                FrameReader_SelectFrame
                0x000000000458488c                FrameReader_Go
                0x0000000004584898                VIPFR_ReserveBackground
 .text          0x00000000045848e4      0x1b4 c:/intelfpga_lite/16.1/nios2eds/bin/gnu/h-x86_64-mingw32/bin/../lib/gcc/nios2-elf/5.3.0\libgcc.a(lib2-divmod.o)
                0x00000000045848e4                __divsi3
                0x0000000004584968                __modsi3
                0x00000000045849dc                __udivsi3
                0x0000000004584a40                __umodsi3
 .text          0x0000000004584a98       0x70 c:/intelfpga_lite/16.1/nios2eds/bin/gnu/h-x86_64-mingw32/bin/../lib/gcc/nios2-elf/5.3.0\libgcc.a(fixsfsi.o)
                0x0000000004584a98                __fixsfsi
 .text          0x0000000004584b08        0x0 c:/intelfpga_lite/16.1/nios2eds/bin/gnu/h-x86_64-mingw32/bin/../lib/gcc/nios2-elf/5.3.0/../../../../../H-x86_64-mingw32/nios2-elf/lib\libc.a(lib_a-malloc.o)
 .text.malloc   0x0000000004584b08       0x14 c:/intelfpga_lite/16.1/nios2eds/bin/gnu/h-x86_64-mingw32/bin/../lib/gcc/nios2-elf/5.3.0/../../../../../H-x86_64-mingw32/nios2-elf/lib\libc.a(lib_a-malloc.o)
                0x0000000004584b08                malloc
 .text.free     0x0000000004584b1c       0x14 c:/intelfpga_lite/16.1/nios2eds/bin/gnu/h-x86_64-mingw32/bin/../lib/gcc/nios2-elf/5.3.0/../../../../../H-x86_64-mingw32/nios2-elf/lib\libc.a(lib_a-malloc.o)
                0x0000000004584b1c                free
 .text          0x0000000004584b30        0x0 c:/intelfpga_lite/16.1/nios2eds/bin/gnu/h-x86_64-mingw32/bin/../lib/gcc/nios2-elf/5.3.0/../../../../../H-x86_64-mingw32/nios2-elf/lib\libc.a(lib_a-mallocr.o)
 .text._malloc_r
                0x0000000004584b30      0x80c c:/intelfpga_lite/16.1/nios2eds/bin/gnu/h-x86_64-mingw32/bin/../lib/gcc/nios2-elf/5.3.0/../../../../../H-x86_64-mingw32/nios2-elf/lib\libc.a(lib_a-mallocr.o)
                0x0000000004584b30                _malloc_r
 .text          0x000000000458533c        0x0 c:/intelfpga_lite/16.1/nios2eds/bin/gnu/h-x86_64-mingw32/bin/../lib/gcc/nios2-elf/5.3.0/../../../../../H-x86_64-mingw32/nios2-elf/lib\libc.a(lib_a-memcpy.o)
 .text.memcpy   0x000000000458533c      0x148 c:/intelfpga_lite/16.1/nios2eds/bin/gnu/h-x86_64-mingw32/bin/../lib/gcc/nios2-elf/5.3.0/../../../../../H-x86_64-mingw32/nios2-elf/lib\libc.a(lib_a-memcpy.o)
                0x000000000458533c                memcpy
 .text          0x0000000004585484        0x0 c:/intelfpga_lite/16.1/nios2eds/bin/gnu/h-x86_64-mingw32/bin/../lib/gcc/nios2-elf/5.3.0/../../../../../H-x86_64-mingw32/nios2-elf/lib\libc.a(lib_a-memset.o)
 .text.memset   0x0000000004585484      0x128 c:/intelfpga_lite/16.1/nios2eds/bin/gnu/h-x86_64-mingw32/bin/../lib/gcc/nios2-elf/5.3.0/../../../../../H-x86_64-mingw32/nios2-elf/lib\libc.a(lib_a-memset.o)
                0x0000000004585484                memset
 .text          0x00000000045855ac        0x0 c:/intelfpga_lite/16.1/nios2eds/bin/gnu/h-x86_64-mingw32/bin/../lib/gcc/nios2-elf/5.3.0/../../../../../H-x86_64-mingw32/nios2-elf/lib\libc.a(lib_a-printf.o)
 .text._printf_r
                0x00000000045855ac       0x30 c:/intelfpga_lite/16.1/nios2eds/bin/gnu/h-x86_64-mingw32/bin/../lib/gcc/nios2-elf/5.3.0/../../../../../H-x86_64-mingw32/nios2-elf/lib\libc.a(lib_a-printf.o)
                0x00000000045855ac                _printf_r
 .text.printf   0x00000000045855dc       0x3c c:/intelfpga_lite/16.1/nios2eds/bin/gnu/h-x86_64-mingw32/bin/../lib/gcc/nios2-elf/5.3.0/../../../../../H-x86_64-mingw32/nios2-elf/lib\libc.a(lib_a-printf.o)
                0x00000000045855dc                printf
 .text          0x0000000004585618        0x0 c:/intelfpga_lite/16.1/nios2eds/bin/gnu/h-x86_64-mingw32/bin/../lib/gcc/nios2-elf/5.3.0/../../../../../H-x86_64-mingw32/nios2-elf/lib\libc.a(lib_a-sbrkr.o)
 .text._sbrk_r  0x0000000004585618       0x54 c:/intelfpga_lite/16.1/nios2eds/bin/gnu/h-x86_64-mingw32/bin/../lib/gcc/nios2-elf/5.3.0/../../../../../H-x86_64-mingw32/nios2-elf/lib\libc.a(lib_a-sbrkr.o)
                0x0000000004585618                _sbrk_r
 .text          0x000000000458566c        0x0 c:/intelfpga_lite/16.1/nios2eds/bin/gnu/h-x86_64-mingw32/bin/../lib/gcc/nios2-elf/5.3.0/../../../../../H-x86_64-mingw32/nios2-elf/lib\libc.a(lib_a-strcpy.o)
 .text.strcpy   0x000000000458566c       0x90 c:/intelfpga_lite/16.1/nios2eds/bin/gnu/h-x86_64-mingw32/bin/../lib/gcc/nios2-elf/5.3.0/../../../../../H-x86_64-mingw32/nios2-elf/lib\libc.a(lib_a-strcpy.o)
                0x000000000458566c                strcpy
 .text          0x00000000045856fc        0x0 c:/intelfpga_lite/16.1/nios2eds/bin/gnu/h-x86_64-mingw32/bin/../lib/gcc/nios2-elf/5.3.0/../../../../../H-x86_64-mingw32/nios2-elf/lib\libc.a(lib_a-strlen.o)
 .text.strlen   0x00000000045856fc       0x98 c:/intelfpga_lite/16.1/nios2eds/bin/gnu/h-x86_64-mingw32/bin/../lib/gcc/nios2-elf/5.3.0/../../../../../H-x86_64-mingw32/nios2-elf/lib\libc.a(lib_a-strlen.o)
                0x00000000045856fc                strlen
 .text          0x0000000004585794        0x0 c:/intelfpga_lite/16.1/nios2eds/bin/gnu/h-x86_64-mingw32/bin/../lib/gcc/nios2-elf/5.3.0/../../../../../H-x86_64-mingw32/nios2-elf/lib\libc.a(lib_a-vfprintf.o)
 .text.___vfprintf_internal_r
                0x0000000004585794     0x21f8 c:/intelfpga_lite/16.1/nios2eds/bin/gnu/h-x86_64-mingw32/bin/../lib/gcc/nios2-elf/5.3.0/../../../../../H-x86_64-mingw32/nios2-elf/lib\libc.a(lib_a-vfprintf.o)
                0x0000000004585794                ___vfprintf_internal_r
 .text.__vfprintf_internal
                0x000000000458798c       0x1c c:/intelfpga_lite/16.1/nios2eds/bin/gnu/h-x86_64-mingw32/bin/../lib/gcc/nios2-elf/5.3.0/../../../../../H-x86_64-mingw32/nios2-elf/lib\libc.a(lib_a-vfprintf.o)
                0x000000000458798c                __vfprintf_internal
 .text.__sbprintf
                0x00000000045879a8       0xbc c:/intelfpga_lite/16.1/nios2eds/bin/gnu/h-x86_64-mingw32/bin/../lib/gcc/nios2-elf/5.3.0/../../../../../H-x86_64-mingw32/nios2-elf/lib\libc.a(lib_a-vfprintf.o)
 .text          0x0000000004587a64        0x0 c:/intelfpga_lite/16.1/nios2eds/bin/gnu/h-x86_64-mingw32/bin/../lib/gcc/nios2-elf/5.3.0/../../../../../H-x86_64-mingw32/nios2-elf/lib\libc.a(lib_a-wsetup.o)
 .text.__swsetup_r
                0x0000000004587a64      0x154 c:/intelfpga_lite/16.1/nios2eds/bin/gnu/h-x86_64-mingw32/bin/../lib/gcc/nios2-elf/5.3.0/../../../../../H-x86_64-mingw32/nios2-elf/lib\libc.a(lib_a-wsetup.o)
                0x0000000004587a64                __swsetup_r
 .text          0x0000000004587bb8        0x0 c:/intelfpga_lite/16.1/nios2eds/bin/gnu/h-x86_64-mingw32/bin/../lib/gcc/nios2-elf/5.3.0/../../../../../H-x86_64-mingw32/nios2-elf/lib\libc.a(lib_a-dtoa.o)
 .text.quorem   0x0000000004587bb8      0x200 c:/intelfpga_lite/16.1/nios2eds/bin/gnu/h-x86_64-mingw32/bin/../lib/gcc/nios2-elf/5.3.0/../../../../../H-x86_64-mingw32/nios2-elf/lib\libc.a(lib_a-dtoa.o)
 .text._dtoa_r  0x0000000004587db8     0x1688 c:/intelfpga_lite/16.1/nios2eds/bin/gnu/h-x86_64-mingw32/bin/../lib/gcc/nios2-elf/5.3.0/../../../../../H-x86_64-mingw32/nios2-elf/lib\libc.a(lib_a-dtoa.o)
                0x0000000004587db8                _dtoa_r
 .text          0x0000000004589440        0x0 c:/intelfpga_lite/16.1/nios2eds/bin/gnu/h-x86_64-mingw32/bin/../lib/gcc/nios2-elf/5.3.0/../../../../../H-x86_64-mingw32/nios2-elf/lib\libc.a(lib_a-fflush.o)
 .text.__sflush_r
                0x0000000004589440      0x21c c:/intelfpga_lite/16.1/nios2eds/bin/gnu/h-x86_64-mingw32/bin/../lib/gcc/nios2-elf/5.3.0/../../../../../H-x86_64-mingw32/nios2-elf/lib\libc.a(lib_a-fflush.o)
                0x0000000004589440                __sflush_r
 .text._fflush_r
                0x000000000458965c       0x5c c:/intelfpga_lite/16.1/nios2eds/bin/gnu/h-x86_64-mingw32/bin/../lib/gcc/nios2-elf/5.3.0/../../../../../H-x86_64-mingw32/nios2-elf/lib\libc.a(lib_a-fflush.o)
                0x000000000458965c                _fflush_r
 .text.fflush   0x00000000045896b8       0x30 c:/intelfpga_lite/16.1/nios2eds/bin/gnu/h-x86_64-mingw32/bin/../lib/gcc/nios2-elf/5.3.0/../../../../../H-x86_64-mingw32/nios2-elf/lib\libc.a(lib_a-fflush.o)
                0x00000000045896b8                fflush
 .text          0x00000000045896e8        0x0 c:/intelfpga_lite/16.1/nios2eds/bin/gnu/h-x86_64-mingw32/bin/../lib/gcc/nios2-elf/5.3.0/../../../../../H-x86_64-mingw32/nios2-elf/lib\libc.a(lib_a-findfp.o)
 .text.__fp_unlock
                0x00000000045896e8        0x8 c:/intelfpga_lite/16.1/nios2eds/bin/gnu/h-x86_64-mingw32/bin/../lib/gcc/nios2-elf/5.3.0/../../../../../H-x86_64-mingw32/nios2-elf/lib\libc.a(lib_a-findfp.o)
 .text._cleanup_r
                0x00000000045896f0        0xc c:/intelfpga_lite/16.1/nios2eds/bin/gnu/h-x86_64-mingw32/bin/../lib/gcc/nios2-elf/5.3.0/../../../../../H-x86_64-mingw32/nios2-elf/lib\libc.a(lib_a-findfp.o)
                0x00000000045896f0                _cleanup_r
 .text.__sinit.part.1
                0x00000000045896fc      0x19c c:/intelfpga_lite/16.1/nios2eds/bin/gnu/h-x86_64-mingw32/bin/../lib/gcc/nios2-elf/5.3.0/../../../../../H-x86_64-mingw32/nios2-elf/lib\libc.a(lib_a-findfp.o)
 .text.__fp_lock
                0x0000000004589898        0x8 c:/intelfpga_lite/16.1/nios2eds/bin/gnu/h-x86_64-mingw32/bin/../lib/gcc/nios2-elf/5.3.0/../../../../../H-x86_64-mingw32/nios2-elf/lib\libc.a(lib_a-findfp.o)
 .text.__sfmoreglue
                0x00000000045898a0       0x68 c:/intelfpga_lite/16.1/nios2eds/bin/gnu/h-x86_64-mingw32/bin/../lib/gcc/nios2-elf/5.3.0/../../../../../H-x86_64-mingw32/nios2-elf/lib\libc.a(lib_a-findfp.o)
                0x00000000045898a0                __sfmoreglue
 .text.__sfp    0x0000000004589908      0x118 c:/intelfpga_lite/16.1/nios2eds/bin/gnu/h-x86_64-mingw32/bin/../lib/gcc/nios2-elf/5.3.0/../../../../../H-x86_64-mingw32/nios2-elf/lib\libc.a(lib_a-findfp.o)
                0x0000000004589908                __sfp
 .text._cleanup
                0x0000000004589a20       0x18 c:/intelfpga_lite/16.1/nios2eds/bin/gnu/h-x86_64-mingw32/bin/../lib/gcc/nios2-elf/5.3.0/../../../../../H-x86_64-mingw32/nios2-elf/lib\libc.a(lib_a-findfp.o)
                0x0000000004589a20                _cleanup
 .text.__sinit  0x0000000004589a38       0x10 c:/intelfpga_lite/16.1/nios2eds/bin/gnu/h-x86_64-mingw32/bin/../lib/gcc/nios2-elf/5.3.0/../../../../../H-x86_64-mingw32/nios2-elf/lib\libc.a(lib_a-findfp.o)
                0x0000000004589a38                __sinit
 .text.__sfp_lock_acquire
                0x0000000004589a48        0x4 c:/intelfpga_lite/16.1/nios2eds/bin/gnu/h-x86_64-mingw32/bin/../lib/gcc/nios2-elf/5.3.0/../../../../../H-x86_64-mingw32/nios2-elf/lib\libc.a(lib_a-findfp.o)
                0x0000000004589a48                __sfp_lock_acquire
 .text.__sfp_lock_release
                0x0000000004589a4c        0x4 c:/intelfpga_lite/16.1/nios2eds/bin/gnu/h-x86_64-mingw32/bin/../lib/gcc/nios2-elf/5.3.0/../../../../../H-x86_64-mingw32/nios2-elf/lib\libc.a(lib_a-findfp.o)
                0x0000000004589a4c                __sfp_lock_release
 .text.__sinit_lock_acquire
                0x0000000004589a50        0x4 c:/intelfpga_lite/16.1/nios2eds/bin/gnu/h-x86_64-mingw32/bin/../lib/gcc/nios2-elf/5.3.0/../../../../../H-x86_64-mingw32/nios2-elf/lib\libc.a(lib_a-findfp.o)
                0x0000000004589a50                __sinit_lock_acquire
 .text.__sinit_lock_release
                0x0000000004589a54        0x4 c:/intelfpga_lite/16.1/nios2eds/bin/gnu/h-x86_64-mingw32/bin/../lib/gcc/nios2-elf/5.3.0/../../../../../H-x86_64-mingw32/nios2-elf/lib\libc.a(lib_a-findfp.o)
                0x0000000004589a54                __sinit_lock_release
 .text.__fp_lock_all
                0x0000000004589a58       0x18 c:/intelfpga_lite/16.1/nios2eds/bin/gnu/h-x86_64-mingw32/bin/../lib/gcc/nios2-elf/5.3.0/../../../../../H-x86_64-mingw32/nios2-elf/lib\libc.a(lib_a-findfp.o)
                0x0000000004589a58                __fp_lock_all
 .text.__fp_unlock_all
                0x0000000004589a70       0x18 c:/intelfpga_lite/16.1/nios2eds/bin/gnu/h-x86_64-mingw32/bin/../lib/gcc/nios2-elf/5.3.0/../../../../../H-x86_64-mingw32/nios2-elf/lib\libc.a(lib_a-findfp.o)
                0x0000000004589a70                __fp_unlock_all
 .text          0x0000000004589a88        0x0 c:/intelfpga_lite/16.1/nios2eds/bin/gnu/h-x86_64-mingw32/bin/../lib/gcc/nios2-elf/5.3.0/../../../../../H-x86_64-mingw32/nios2-elf/lib\libc.a(lib_a-freer.o)
 .text._malloc_trim_r
                0x0000000004589a88      0x124 c:/intelfpga_lite/16.1/nios2eds/bin/gnu/h-x86_64-mingw32/bin/../lib/gcc/nios2-elf/5.3.0/../../../../../H-x86_64-mingw32/nios2-elf/lib\libc.a(lib_a-freer.o)
                0x0000000004589a88                _malloc_trim_r
 .text._free_r  0x0000000004589bac      0x310 c:/intelfpga_lite/16.1/nios2eds/bin/gnu/h-x86_64-mingw32/bin/../lib/gcc/nios2-elf/5.3.0/../../../../../H-x86_64-mingw32/nios2-elf/lib\libc.a(lib_a-freer.o)
                0x0000000004589bac                _free_r
 .text          0x0000000004589ebc        0x0 c:/intelfpga_lite/16.1/nios2eds/bin/gnu/h-x86_64-mingw32/bin/../lib/gcc/nios2-elf/5.3.0/../../../../../H-x86_64-mingw32/nios2-elf/lib\libc.a(lib_a-fwalk.o)
 .text._fwalk   0x0000000004589ebc       0xc4 c:/intelfpga_lite/16.1/nios2eds/bin/gnu/h-x86_64-mingw32/bin/../lib/gcc/nios2-elf/5.3.0/../../../../../H-x86_64-mingw32/nios2-elf/lib\libc.a(lib_a-fwalk.o)
                0x0000000004589ebc                _fwalk
 .text._fwalk_reent
                0x0000000004589f80       0xc4 c:/intelfpga_lite/16.1/nios2eds/bin/gnu/h-x86_64-mingw32/bin/../lib/gcc/nios2-elf/5.3.0/../../../../../H-x86_64-mingw32/nios2-elf/lib\libc.a(lib_a-fwalk.o)
                0x0000000004589f80                _fwalk_reent
 .text          0x000000000458a044        0x0 c:/intelfpga_lite/16.1/nios2eds/bin/gnu/h-x86_64-mingw32/bin/../lib/gcc/nios2-elf/5.3.0/../../../../../H-x86_64-mingw32/nios2-elf/lib\libc.a(lib_a-impure.o)
 .text          0x000000000458a044        0x0 c:/intelfpga_lite/16.1/nios2eds/bin/gnu/h-x86_64-mingw32/bin/../lib/gcc/nios2-elf/5.3.0/../../../../../H-x86_64-mingw32/nios2-elf/lib\libc.a(lib_a-int_errno.o)
 .text          0x000000000458a044        0x0 c:/intelfpga_lite/16.1/nios2eds/bin/gnu/h-x86_64-mingw32/bin/../lib/gcc/nios2-elf/5.3.0/../../../../../H-x86_64-mingw32/nios2-elf/lib\libc.a(lib_a-locale.o)
 .text._setlocale_r
                0x000000000458a044       0x7c c:/intelfpga_lite/16.1/nios2eds/bin/gnu/h-x86_64-mingw32/bin/../lib/gcc/nios2-elf/5.3.0/../../../../../H-x86_64-mingw32/nios2-elf/lib\libc.a(lib_a-locale.o)
                0x000000000458a044                _setlocale_r
 .text.__locale_charset
                0x000000000458a0c0        0xc c:/intelfpga_lite/16.1/nios2eds/bin/gnu/h-x86_64-mingw32/bin/../lib/gcc/nios2-elf/5.3.0/../../../../../H-x86_64-mingw32/nios2-elf/lib\libc.a(lib_a-locale.o)
                0x000000000458a0c0                __locale_charset
 .text.__locale_mb_cur_max
                0x000000000458a0cc       0x10 c:/intelfpga_lite/16.1/nios2eds/bin/gnu/h-x86_64-mingw32/bin/../lib/gcc/nios2-elf/5.3.0/../../../../../H-x86_64-mingw32/nios2-elf/lib\libc.a(lib_a-locale.o)
                0x000000000458a0cc                __locale_mb_cur_max
 .text.__locale_msgcharset
                0x000000000458a0dc        0xc c:/intelfpga_lite/16.1/nios2eds/bin/gnu/h-x86_64-mingw32/bin/../lib/gcc/nios2-elf/5.3.0/../../../../../H-x86_64-mingw32/nios2-elf/lib\libc.a(lib_a-locale.o)
                0x000000000458a0dc                __locale_msgcharset
 .text.__locale_cjk_lang
                0x000000000458a0e8        0x8 c:/intelfpga_lite/16.1/nios2eds/bin/gnu/h-x86_64-mingw32/bin/../lib/gcc/nios2-elf/5.3.0/../../../../../H-x86_64-mingw32/nios2-elf/lib\libc.a(lib_a-locale.o)
                0x000000000458a0e8                __locale_cjk_lang
 .text._localeconv_r
                0x000000000458a0f0        0xc c:/intelfpga_lite/16.1/nios2eds/bin/gnu/h-x86_64-mingw32/bin/../lib/gcc/nios2-elf/5.3.0/../../../../../H-x86_64-mingw32/nios2-elf/lib\libc.a(lib_a-locale.o)
                0x000000000458a0f0                _localeconv_r
 .text.setlocale
                0x000000000458a0fc       0x18 c:/intelfpga_lite/16.1/nios2eds/bin/gnu/h-x86_64-mingw32/bin/../lib/gcc/nios2-elf/5.3.0/../../../../../H-x86_64-mingw32/nios2-elf/lib\libc.a(lib_a-locale.o)
                0x000000000458a0fc                setlocale
 .text.localeconv
                0x000000000458a114        0xc c:/intelfpga_lite/16.1/nios2eds/bin/gnu/h-x86_64-mingw32/bin/../lib/gcc/nios2-elf/5.3.0/../../../../../H-x86_64-mingw32/nios2-elf/lib\libc.a(lib_a-locale.o)
                0x000000000458a114                localeconv
 .text          0x000000000458a120        0x0 c:/intelfpga_lite/16.1/nios2eds/bin/gnu/h-x86_64-mingw32/bin/../lib/gcc/nios2-elf/5.3.0/../../../../../H-x86_64-mingw32/nios2-elf/lib\libc.a(lib_a-makebuf.o)
 .text.__smakebuf_r
                0x000000000458a120      0x1bc c:/intelfpga_lite/16.1/nios2eds/bin/gnu/h-x86_64-mingw32/bin/../lib/gcc/nios2-elf/5.3.0/../../../../../H-x86_64-mingw32/nios2-elf/lib\libc.a(lib_a-makebuf.o)
                0x000000000458a120                __smakebuf_r
 .text          0x000000000458a2dc        0x0 c:/intelfpga_lite/16.1/nios2eds/bin/gnu/h-x86_64-mingw32/bin/../lib/gcc/nios2-elf/5.3.0/../../../../../H-x86_64-mingw32/nios2-elf/lib\libc.a(lib_a-memchr.o)
 .text.memchr   0x000000000458a2dc       0xe4 c:/intelfpga_lite/16.1/nios2eds/bin/gnu/h-x86_64-mingw32/bin/../lib/gcc/nios2-elf/5.3.0/../../../../../H-x86_64-mingw32/nios2-elf/lib\libc.a(lib_a-memchr.o)
                0x000000000458a2dc                memchr
 .text          0x000000000458a3c0        0x0 c:/intelfpga_lite/16.1/nios2eds/bin/gnu/h-x86_64-mingw32/bin/../lib/gcc/nios2-elf/5.3.0/../../../../../H-x86_64-mingw32/nios2-elf/lib\libc.a(lib_a-mprec.o)
 .text._Balloc  0x000000000458a3c0       0xa8 c:/intelfpga_lite/16.1/nios2eds/bin/gnu/h-x86_64-mingw32/bin/../lib/gcc/nios2-elf/5.3.0/../../../../../H-x86_64-mingw32/nios2-elf/lib\libc.a(lib_a-mprec.o)
                0x000000000458a3c0                _Balloc
 .text._Bfree   0x000000000458a468       0x28 c:/intelfpga_lite/16.1/nios2eds/bin/gnu/h-x86_64-mingw32/bin/../lib/gcc/nios2-elf/5.3.0/../../../../../H-x86_64-mingw32/nios2-elf/lib\libc.a(lib_a-mprec.o)
                0x000000000458a468                _Bfree
 .text.__multadd
                0x000000000458a490      0x120 c:/intelfpga_lite/16.1/nios2eds/bin/gnu/h-x86_64-mingw32/bin/../lib/gcc/nios2-elf/5.3.0/../../../../../H-x86_64-mingw32/nios2-elf/lib\libc.a(lib_a-mprec.o)
                0x000000000458a490                __multadd
 .text.__s2b    0x000000000458a5b0      0x104 c:/intelfpga_lite/16.1/nios2eds/bin/gnu/h-x86_64-mingw32/bin/../lib/gcc/nios2-elf/5.3.0/../../../../../H-x86_64-mingw32/nios2-elf/lib\libc.a(lib_a-mprec.o)
                0x000000000458a5b0                __s2b
 .text.__hi0bits
                0x000000000458a6b4       0x68 c:/intelfpga_lite/16.1/nios2eds/bin/gnu/h-x86_64-mingw32/bin/../lib/gcc/nios2-elf/5.3.0/../../../../../H-x86_64-mingw32/nios2-elf/lib\libc.a(lib_a-mprec.o)
                0x000000000458a6b4                __hi0bits
 .text.__lo0bits
                0x000000000458a71c       0xb0 c:/intelfpga_lite/16.1/nios2eds/bin/gnu/h-x86_64-mingw32/bin/../lib/gcc/nios2-elf/5.3.0/../../../../../H-x86_64-mingw32/nios2-elf/lib\libc.a(lib_a-mprec.o)
                0x000000000458a71c                __lo0bits
 .text.__i2b    0x000000000458a7cc       0x3c c:/intelfpga_lite/16.1/nios2eds/bin/gnu/h-x86_64-mingw32/bin/../lib/gcc/nios2-elf/5.3.0/../../../../../H-x86_64-mingw32/nios2-elf/lib\libc.a(lib_a-mprec.o)
                0x000000000458a7cc                __i2b
 .text.__multiply
                0x000000000458a808      0x1f8 c:/intelfpga_lite/16.1/nios2eds/bin/gnu/h-x86_64-mingw32/bin/../lib/gcc/nios2-elf/5.3.0/../../../../../H-x86_64-mingw32/nios2-elf/lib\libc.a(lib_a-mprec.o)
                0x000000000458a808                __multiply
 .text.__pow5mult
                0x000000000458aa00      0x140 c:/intelfpga_lite/16.1/nios2eds/bin/gnu/h-x86_64-mingw32/bin/../lib/gcc/nios2-elf/5.3.0/../../../../../H-x86_64-mingw32/nios2-elf/lib\libc.a(lib_a-mprec.o)
                0x000000000458aa00                __pow5mult
 .text.__lshift
                0x000000000458ab40      0x148 c:/intelfpga_lite/16.1/nios2eds/bin/gnu/h-x86_64-mingw32/bin/../lib/gcc/nios2-elf/5.3.0/../../../../../H-x86_64-mingw32/nios2-elf/lib\libc.a(lib_a-mprec.o)
                0x000000000458ab40                __lshift
 .text.__mcmp   0x000000000458ac88       0x60 c:/intelfpga_lite/16.1/nios2eds/bin/gnu/h-x86_64-mingw32/bin/../lib/gcc/nios2-elf/5.3.0/../../../../../H-x86_64-mingw32/nios2-elf/lib\libc.a(lib_a-mprec.o)
                0x000000000458ac88                __mcmp
 .text.__mdiff  0x000000000458ace8      0x1fc c:/intelfpga_lite/16.1/nios2eds/bin/gnu/h-x86_64-mingw32/bin/../lib/gcc/nios2-elf/5.3.0/../../../../../H-x86_64-mingw32/nios2-elf/lib\libc.a(lib_a-mprec.o)
                0x000000000458ace8                __mdiff
 .text.__ulp    0x000000000458aee4       0x64 c:/intelfpga_lite/16.1/nios2eds/bin/gnu/h-x86_64-mingw32/bin/../lib/gcc/nios2-elf/5.3.0/../../../../../H-x86_64-mingw32/nios2-elf/lib\libc.a(lib_a-mprec.o)
                0x000000000458aee4                __ulp
 .text.__b2d    0x000000000458af48      0x10c c:/intelfpga_lite/16.1/nios2eds/bin/gnu/h-x86_64-mingw32/bin/../lib/gcc/nios2-elf/5.3.0/../../../../../H-x86_64-mingw32/nios2-elf/lib\libc.a(lib_a-mprec.o)
                0x000000000458af48                __b2d
 .text.__d2b    0x000000000458b054      0x14c c:/intelfpga_lite/16.1/nios2eds/bin/gnu/h-x86_64-mingw32/bin/../lib/gcc/nios2-elf/5.3.0/../../../../../H-x86_64-mingw32/nios2-elf/lib\libc.a(lib_a-mprec.o)
                0x000000000458b054                __d2b
 .text.__ratio  0x000000000458b1a0       0xa4 c:/intelfpga_lite/16.1/nios2eds/bin/gnu/h-x86_64-mingw32/bin/../lib/gcc/nios2-elf/5.3.0/../../../../../H-x86_64-mingw32/nios2-elf/lib\libc.a(lib_a-mprec.o)
                0x000000000458b1a0                __ratio
 .text._mprec_log10
                0x000000000458b244       0x74 c:/intelfpga_lite/16.1/nios2eds/bin/gnu/h-x86_64-mingw32/bin/../lib/gcc/nios2-elf/5.3.0/../../../../../H-x86_64-mingw32/nios2-elf/lib\libc.a(lib_a-mprec.o)
                0x000000000458b244                _mprec_log10
 .text.__copybits
                0x000000000458b2b8       0x78 c:/intelfpga_lite/16.1/nios2eds/bin/gnu/h-x86_64-mingw32/bin/../lib/gcc/nios2-elf/5.3.0/../../../../../H-x86_64-mingw32/nios2-elf/lib\libc.a(lib_a-mprec.o)
                0x000000000458b2b8                __copybits
 .text.__any_on
                0x000000000458b330       0x8c c:/intelfpga_lite/16.1/nios2eds/bin/gnu/h-x86_64-mingw32/bin/../lib/gcc/nios2-elf/5.3.0/../../../../../H-x86_64-mingw32/nios2-elf/lib\libc.a(lib_a-mprec.o)
                0x000000000458b330                __any_on
 .text          0x000000000458b3bc        0x0 c:/intelfpga_lite/16.1/nios2eds/bin/gnu/h-x86_64-mingw32/bin/../lib/gcc/nios2-elf/5.3.0/../../../../../H-x86_64-mingw32/nios2-elf/lib\libc.a(lib_a-s_fpclassify.o)
 .text.__fpclassifyd
                0x000000000458b3bc       0x74 c:/intelfpga_lite/16.1/nios2eds/bin/gnu/h-x86_64-mingw32/bin/../lib/gcc/nios2-elf/5.3.0/../../../../../H-x86_64-mingw32/nios2-elf/lib\libc.a(lib_a-s_fpclassify.o)
                0x000000000458b3bc                __fpclassifyd
 .text          0x000000000458b430        0x0 c:/intelfpga_lite/16.1/nios2eds/bin/gnu/h-x86_64-mingw32/bin/../lib/gcc/nios2-elf/5.3.0/../../../../../H-x86_64-mingw32/nios2-elf/lib\libc.a(lib_a-stdio.o)
 .text.__sread  0x000000000458b430       0x54 c:/intelfpga_lite/16.1/nios2eds/bin/gnu/h-x86_64-mingw32/bin/../lib/gcc/nios2-elf/5.3.0/../../../../../H-x86_64-mingw32/nios2-elf/lib\libc.a(lib_a-stdio.o)
                0x000000000458b430                __sread
 .text.__seofread
                0x000000000458b484        0x8 c:/intelfpga_lite/16.1/nios2eds/bin/gnu/h-x86_64-mingw32/bin/../lib/gcc/nios2-elf/5.3.0/../../../../../H-x86_64-mingw32/nios2-elf/lib\libc.a(lib_a-stdio.o)
                0x000000000458b484                __seofread
 .text.__swrite
                0x000000000458b48c       0x7c c:/intelfpga_lite/16.1/nios2eds/bin/gnu/h-x86_64-mingw32/bin/../lib/gcc/nios2-elf/5.3.0/../../../../../H-x86_64-mingw32/nios2-elf/lib\libc.a(lib_a-stdio.o)
                0x000000000458b48c                __swrite
 .text.__sseek  0x000000000458b508       0x5c c:/intelfpga_lite/16.1/nios2eds/bin/gnu/h-x86_64-mingw32/bin/../lib/gcc/nios2-elf/5.3.0/../../../../../H-x86_64-mingw32/nios2-elf/lib\libc.a(lib_a-stdio.o)
                0x000000000458b508                __sseek
 .text.__sclose
                0x000000000458b564        0x8 c:/intelfpga_lite/16.1/nios2eds/bin/gnu/h-x86_64-mingw32/bin/../lib/gcc/nios2-elf/5.3.0/../../../../../H-x86_64-mingw32/nios2-elf/lib\libc.a(lib_a-stdio.o)
                0x000000000458b564                __sclose
 .text          0x000000000458b56c        0x0 c:/intelfpga_lite/16.1/nios2eds/bin/gnu/h-x86_64-mingw32/bin/../lib/gcc/nios2-elf/5.3.0/../../../../../H-x86_64-mingw32/nios2-elf/lib\libc.a(lib_a-strcmp.o)
 .text.strcmp   0x000000000458b56c       0xdc c:/intelfpga_lite/16.1/nios2eds/bin/gnu/h-x86_64-mingw32/bin/../lib/gcc/nios2-elf/5.3.0/../../../../../H-x86_64-mingw32/nios2-elf/lib\libc.a(lib_a-strcmp.o)
                0x000000000458b56c                strcmp
 .text          0x000000000458b648        0x0 c:/intelfpga_lite/16.1/nios2eds/bin/gnu/h-x86_64-mingw32/bin/../lib/gcc/nios2-elf/5.3.0/../../../../../H-x86_64-mingw32/nios2-elf/lib\libc.a(lib_a-vfiprintf.o)
 .text.__sprint_r.part.0
                0x000000000458b648       0xfc c:/intelfpga_lite/16.1/nios2eds/bin/gnu/h-x86_64-mingw32/bin/../lib/gcc/nios2-elf/5.3.0/../../../../../H-x86_64-mingw32/nios2-elf/lib\libc.a(lib_a-vfiprintf.o)
 .text.__sprint_r
                0x000000000458b744       0x18 c:/intelfpga_lite/16.1/nios2eds/bin/gnu/h-x86_64-mingw32/bin/../lib/gcc/nios2-elf/5.3.0/../../../../../H-x86_64-mingw32/nios2-elf/lib\libc.a(lib_a-vfiprintf.o)
                0x000000000458b744                __sprint_r
 .text.___vfiprintf_internal_r
                0x000000000458b75c     0x145c c:/intelfpga_lite/16.1/nios2eds/bin/gnu/h-x86_64-mingw32/bin/../lib/gcc/nios2-elf/5.3.0/../../../../../H-x86_64-mingw32/nios2-elf/lib\libc.a(lib_a-vfiprintf.o)
                0x000000000458b75c                ___vfiprintf_internal_r
 .text.__vfiprintf_internal
                0x000000000458cbb8       0x1c c:/intelfpga_lite/16.1/nios2eds/bin/gnu/h-x86_64-mingw32/bin/../lib/gcc/nios2-elf/5.3.0/../../../../../H-x86_64-mingw32/nios2-elf/lib\libc.a(lib_a-vfiprintf.o)
                0x000000000458cbb8                __vfiprintf_internal
 .text.__sbprintf
                0x000000000458cbd4       0xbc c:/intelfpga_lite/16.1/nios2eds/bin/gnu/h-x86_64-mingw32/bin/../lib/gcc/nios2-elf/5.3.0/../../../../../H-x86_64-mingw32/nios2-elf/lib\libc.a(lib_a-vfiprintf.o)
 .text          0x000000000458cc90        0x0 c:/intelfpga_lite/16.1/nios2eds/bin/gnu/h-x86_64-mingw32/bin/../lib/gcc/nios2-elf/5.3.0/../../../../../H-x86_64-mingw32/nios2-elf/lib\libc.a(lib_a-writer.o)
 .text._write_r
                0x000000000458cc90       0x60 c:/intelfpga_lite/16.1/nios2eds/bin/gnu/h-x86_64-mingw32/bin/../lib/gcc/nios2-elf/5.3.0/../../../../../H-x86_64-mingw32/nios2-elf/lib\libc.a(lib_a-writer.o)
                0x000000000458cc90                _write_r
 .text          0x000000000458ccf0        0x0 c:/intelfpga_lite/16.1/nios2eds/bin/gnu/h-x86_64-mingw32/bin/../lib/gcc/nios2-elf/5.3.0/../../../../../H-x86_64-mingw32/nios2-elf/lib\libc.a(closer.o)
 .text._close_r
                0x000000000458ccf0       0x54 c:/intelfpga_lite/16.1/nios2eds/bin/gnu/h-x86_64-mingw32/bin/../lib/gcc/nios2-elf/5.3.0/../../../../../H-x86_64-mingw32/nios2-elf/lib\libc.a(closer.o)
                0x000000000458ccf0                _close_r
 .text          0x000000000458cd44        0x0 c:/intelfpga_lite/16.1/nios2eds/bin/gnu/h-x86_64-mingw32/bin/../lib/gcc/nios2-elf/5.3.0/../../../../../H-x86_64-mingw32/nios2-elf/lib\libc.a(lib_a-callocr.o)
 .text._calloc_r
                0x000000000458cd44       0xc4 c:/intelfpga_lite/16.1/nios2eds/bin/gnu/h-x86_64-mingw32/bin/../lib/gcc/nios2-elf/5.3.0/../../../../../H-x86_64-mingw32/nios2-elf/lib\libc.a(lib_a-callocr.o)
                0x000000000458cd44                _calloc_r
 .text          0x000000000458ce08        0x0 c:/intelfpga_lite/16.1/nios2eds/bin/gnu/h-x86_64-mingw32/bin/../lib/gcc/nios2-elf/5.3.0/../../../../../H-x86_64-mingw32/nios2-elf/lib\libc.a(lib_a-fclose.o)
 .text._fclose_r
                0x000000000458ce08       0xf0 c:/intelfpga_lite/16.1/nios2eds/bin/gnu/h-x86_64-mingw32/bin/../lib/gcc/nios2-elf/5.3.0/../../../../../H-x86_64-mingw32/nios2-elf/lib\libc.a(lib_a-fclose.o)
                0x000000000458ce08                _fclose_r
 .text.fclose   0x000000000458cef8       0x14 c:/intelfpga_lite/16.1/nios2eds/bin/gnu/h-x86_64-mingw32/bin/../lib/gcc/nios2-elf/5.3.0/../../../../../H-x86_64-mingw32/nios2-elf/lib\libc.a(lib_a-fclose.o)
                0x000000000458cef8                fclose
 .text          0x000000000458cf0c        0x0 c:/intelfpga_lite/16.1/nios2eds/bin/gnu/h-x86_64-mingw32/bin/../lib/gcc/nios2-elf/5.3.0/../../../../../H-x86_64-mingw32/nios2-elf/lib\libc.a(lib_a-fputwc.o)
 .text.__fputwc
                0x000000000458cf0c      0x164 c:/intelfpga_lite/16.1/nios2eds/bin/gnu/h-x86_64-mingw32/bin/../lib/gcc/nios2-elf/5.3.0/../../../../../H-x86_64-mingw32/nios2-elf/lib\libc.a(lib_a-fputwc.o)
                0x000000000458cf0c                __fputwc
 .text._fputwc_r
                0x000000000458d070       0x24 c:/intelfpga_lite/16.1/nios2eds/bin/gnu/h-x86_64-mingw32/bin/../lib/gcc/nios2-elf/5.3.0/../../../../../H-x86_64-mingw32/nios2-elf/lib\libc.a(lib_a-fputwc.o)
                0x000000000458d070                _fputwc_r
 .text.fputwc   0x000000000458d094       0x80 c:/intelfpga_lite/16.1/nios2eds/bin/gnu/h-x86_64-mingw32/bin/../lib/gcc/nios2-elf/5.3.0/../../../../../H-x86_64-mingw32/nios2-elf/lib\libc.a(lib_a-fputwc.o)
                0x000000000458d094                fputwc
 .text          0x000000000458d114        0x0 c:/intelfpga_lite/16.1/nios2eds/bin/gnu/h-x86_64-mingw32/bin/../lib/gcc/nios2-elf/5.3.0/../../../../../H-x86_64-mingw32/nios2-elf/lib\libc.a(lib_a-fstatr.o)
 .text._fstat_r
                0x000000000458d114       0x5c c:/intelfpga_lite/16.1/nios2eds/bin/gnu/h-x86_64-mingw32/bin/../lib/gcc/nios2-elf/5.3.0/../../../../../H-x86_64-mingw32/nios2-elf/lib\libc.a(lib_a-fstatr.o)
                0x000000000458d114                _fstat_r
 .text          0x000000000458d170        0x0 c:/intelfpga_lite/16.1/nios2eds/bin/gnu/h-x86_64-mingw32/bin/../lib/gcc/nios2-elf/5.3.0/../../../../../H-x86_64-mingw32/nios2-elf/lib\libc.a(lib_a-fvwrite.o)
 .text.__sfvwrite_r
                0x000000000458d170      0x4bc c:/intelfpga_lite/16.1/nios2eds/bin/gnu/h-x86_64-mingw32/bin/../lib/gcc/nios2-elf/5.3.0/../../../../../H-x86_64-mingw32/nios2-elf/lib\libc.a(lib_a-fvwrite.o)
                0x000000000458d170                __sfvwrite_r
 .text          0x000000000458d62c        0x0 c:/intelfpga_lite/16.1/nios2eds/bin/gnu/h-x86_64-mingw32/bin/../lib/gcc/nios2-elf/5.3.0/../../../../../H-x86_64-mingw32/nios2-elf/lib\libc.a(lib_a-isattyr.o)
 .text._isatty_r
                0x000000000458d62c       0x54 c:/intelfpga_lite/16.1/nios2eds/bin/gnu/h-x86_64-mingw32/bin/../lib/gcc/nios2-elf/5.3.0/../../../../../H-x86_64-mingw32/nios2-elf/lib\libc.a(lib_a-isattyr.o)
                0x000000000458d62c                _isatty_r
 .text          0x000000000458d680        0x0 c:/intelfpga_lite/16.1/nios2eds/bin/gnu/h-x86_64-mingw32/bin/../lib/gcc/nios2-elf/5.3.0/../../../../../H-x86_64-mingw32/nios2-elf/lib\libc.a(lib_a-lseekr.o)
 .text._lseek_r
                0x000000000458d680       0x60 c:/intelfpga_lite/16.1/nios2eds/bin/gnu/h-x86_64-mingw32/bin/../lib/gcc/nios2-elf/5.3.0/../../../../../H-x86_64-mingw32/nios2-elf/lib\libc.a(lib_a-lseekr.o)
                0x000000000458d680                _lseek_r
 .text          0x000000000458d6e0        0x0 c:/intelfpga_lite/16.1/nios2eds/bin/gnu/h-x86_64-mingw32/bin/../lib/gcc/nios2-elf/5.3.0/../../../../../H-x86_64-mingw32/nios2-elf/lib\libc.a(lib_a-memmove.o)
 .text.memmove  0x000000000458d6e0      0x15c c:/intelfpga_lite/16.1/nios2eds/bin/gnu/h-x86_64-mingw32/bin/../lib/gcc/nios2-elf/5.3.0/../../../../../H-x86_64-mingw32/nios2-elf/lib\libc.a(lib_a-memmove.o)
                0x000000000458d6e0                memmove
 .text          0x000000000458d83c        0x0 c:/intelfpga_lite/16.1/nios2eds/bin/gnu/h-x86_64-mingw32/bin/../lib/gcc/nios2-elf/5.3.0/../../../../../H-x86_64-mingw32/nios2-elf/lib\libc.a(lib_a-readr.o)
 .text._read_r  0x000000000458d83c       0x60 c:/intelfpga_lite/16.1/nios2eds/bin/gnu/h-x86_64-mingw32/bin/../lib/gcc/nios2-elf/5.3.0/../../../../../H-x86_64-mingw32/nios2-elf/lib\libc.a(lib_a-readr.o)
                0x000000000458d83c                _read_r
 .text          0x000000000458d89c        0x0 c:/intelfpga_lite/16.1/nios2eds/bin/gnu/h-x86_64-mingw32/bin/../lib/gcc/nios2-elf/5.3.0/../../../../../H-x86_64-mingw32/nios2-elf/lib\libc.a(lib_a-reallocr.o)
 .text._realloc_r
                0x000000000458d89c      0x564 c:/intelfpga_lite/16.1/nios2eds/bin/gnu/h-x86_64-mingw32/bin/../lib/gcc/nios2-elf/5.3.0/../../../../../H-x86_64-mingw32/nios2-elf/lib\libc.a(lib_a-reallocr.o)
                0x000000000458d89c                _realloc_r
 .text          0x000000000458de00        0x0 c:/intelfpga_lite/16.1/nios2eds/bin/gnu/h-x86_64-mingw32/bin/../lib/gcc/nios2-elf/5.3.0/../../../../../H-x86_64-mingw32/nios2-elf/lib\libc.a(lib_a-wbuf.o)
 .text.__swbuf_r
                0x000000000458de00      0x140 c:/intelfpga_lite/16.1/nios2eds/bin/gnu/h-x86_64-mingw32/bin/../lib/gcc/nios2-elf/5.3.0/../../../../../H-x86_64-mingw32/nios2-elf/lib\libc.a(lib_a-wbuf.o)
                0x000000000458de00                __swbuf_r
 .text.__swbuf  0x000000000458df40       0x18 c:/intelfpga_lite/16.1/nios2eds/bin/gnu/h-x86_64-mingw32/bin/../lib/gcc/nios2-elf/5.3.0/../../../../../H-x86_64-mingw32/nios2-elf/lib\libc.a(lib_a-wbuf.o)
                0x000000000458df40                __swbuf
 .text          0x000000000458df58        0x0 c:/intelfpga_lite/16.1/nios2eds/bin/gnu/h-x86_64-mingw32/bin/../lib/gcc/nios2-elf/5.3.0/../../../../../H-x86_64-mingw32/nios2-elf/lib\libc.a(lib_a-wcrtomb.o)
 .text._wcrtomb_r
                0x000000000458df58       0x9c c:/intelfpga_lite/16.1/nios2eds/bin/gnu/h-x86_64-mingw32/bin/../lib/gcc/nios2-elf/5.3.0/../../../../../H-x86_64-mingw32/nios2-elf/lib\libc.a(lib_a-wcrtomb.o)
                0x000000000458df58                _wcrtomb_r
 .text.wcrtomb  0x000000000458dff4       0xc0 c:/intelfpga_lite/16.1/nios2eds/bin/gnu/h-x86_64-mingw32/bin/../lib/gcc/nios2-elf/5.3.0/../../../../../H-x86_64-mingw32/nios2-elf/lib\libc.a(lib_a-wcrtomb.o)
                0x000000000458dff4                wcrtomb
 .text          0x000000000458e0b4        0x0 c:/intelfpga_lite/16.1/nios2eds/bin/gnu/h-x86_64-mingw32/bin/../lib/gcc/nios2-elf/5.3.0/../../../../../H-x86_64-mingw32/nios2-elf/lib\libc.a(lib_a-wctomb_r.o)
 .text.__ascii_wctomb
                0x000000000458e0b4       0x30 c:/intelfpga_lite/16.1/nios2eds/bin/gnu/h-x86_64-mingw32/bin/../lib/gcc/nios2-elf/5.3.0/../../../../../H-x86_64-mingw32/nios2-elf/lib\libc.a(lib_a-wctomb_r.o)
                0x000000000458e0b4                __ascii_wctomb
 .text._wctomb_r
                0x000000000458e0e4       0x5c c:/intelfpga_lite/16.1/nios2eds/bin/gnu/h-x86_64-mingw32/bin/../lib/gcc/nios2-elf/5.3.0/../../../../../H-x86_64-mingw32/nios2-elf/lib\libc.a(lib_a-wctomb_r.o)
                0x000000000458e0e4                _wctomb_r
 .text          0x000000000458e140      0x578 c:/intelfpga_lite/16.1/nios2eds/bin/gnu/h-x86_64-mingw32/bin/../lib/gcc/nios2-elf/5.3.0\libgcc.a(_udivdi3.o)
                0x000000000458e140                __udivdi3
 .text          0x000000000458e6b8      0x538 c:/intelfpga_lite/16.1/nios2eds/bin/gnu/h-x86_64-mingw32/bin/../lib/gcc/nios2-elf/5.3.0\libgcc.a(_umoddi3.o)
                0x000000000458e6b8                __umoddi3
 .text          0x000000000458ebf0      0x8ac c:/intelfpga_lite/16.1/nios2eds/bin/gnu/h-x86_64-mingw32/bin/../lib/gcc/nios2-elf/5.3.0\libgcc.a(adddf3.o)
                0x000000000458ebf0                __adddf3
 .text          0x000000000458f49c      0x8e8 c:/intelfpga_lite/16.1/nios2eds/bin/gnu/h-x86_64-mingw32/bin/../lib/gcc/nios2-elf/5.3.0\libgcc.a(divdf3.o)
                0x000000000458f49c                __divdf3
 .text          0x000000000458fd84       0x88 c:/intelfpga_lite/16.1/nios2eds/bin/gnu/h-x86_64-mingw32/bin/../lib/gcc/nios2-elf/5.3.0\libgcc.a(eqdf2.o)
                0x000000000458fd84                __nedf2
                0x000000000458fd84                __eqdf2
 .text          0x000000000458fe0c       0xdc c:/intelfpga_lite/16.1/nios2eds/bin/gnu/h-x86_64-mingw32/bin/../lib/gcc/nios2-elf/5.3.0\libgcc.a(gedf2.o)
                0x000000000458fe0c                __gedf2
                0x000000000458fe0c                __gtdf2
 .text          0x000000000458fee8       0xf4 c:/intelfpga_lite/16.1/nios2eds/bin/gnu/h-x86_64-mingw32/bin/../lib/gcc/nios2-elf/5.3.0\libgcc.a(ledf2.o)
                0x000000000458fee8                __ledf2
                0x000000000458fee8                __ltdf2
 .text          0x000000000458ffdc      0x718 c:/intelfpga_lite/16.1/nios2eds/bin/gnu/h-x86_64-mingw32/bin/../lib/gcc/nios2-elf/5.3.0\libgcc.a(muldf3.o)
                0x000000000458ffdc                __muldf3
 .text          0x00000000045906f4      0x8fc c:/intelfpga_lite/16.1/nios2eds/bin/gnu/h-x86_64-mingw32/bin/../lib/gcc/nios2-elf/5.3.0\libgcc.a(subdf3.o)
                0x00000000045906f4                __subdf3
 .text          0x0000000004590ff0       0x80 c:/intelfpga_lite/16.1/nios2eds/bin/gnu/h-x86_64-mingw32/bin/../lib/gcc/nios2-elf/5.3.0\libgcc.a(fixdfsi.o)
                0x0000000004590ff0                __fixdfsi
 .text          0x0000000004591070       0xdc c:/intelfpga_lite/16.1/nios2eds/bin/gnu/h-x86_64-mingw32/bin/../lib/gcc/nios2-elf/5.3.0\libgcc.a(floatsidf.o)
                0x0000000004591070                __floatsidf
 .text          0x000000000459114c       0xa8 c:/intelfpga_lite/16.1/nios2eds/bin/gnu/h-x86_64-mingw32/bin/../lib/gcc/nios2-elf/5.3.0\libgcc.a(floatunsidf.o)
                0x000000000459114c                __floatunsidf
 .text          0x00000000045911f4        0x0 c:/intelfpga_lite/16.1/nios2eds/bin/gnu/h-x86_64-mingw32/bin/../lib/gcc/nios2-elf/5.3.0\libgcc.a(_clz.o)
 .text          0x00000000045911f4       0x64 c:/intelfpga_lite/16.1/nios2eds/bin/gnu/h-x86_64-mingw32/bin/../lib/gcc/nios2-elf/5.3.0\libgcc.a(_clzsi2.o)
                0x00000000045911f4                __clzsi2
 .text          0x0000000004591258       0xb8 ../lab5_bsp/\libucosii_bsp.a(alt_close.o)
                0x0000000004591258                close
 .text          0x0000000004591310       0x18 ../lab5_bsp/\libucosii_bsp.a(alt_dcache_flush_all.o)
                0x0000000004591310                alt_dcache_flush_all
 .text          0x0000000004591328        0x8 ../lab5_bsp/\libucosii_bsp.a(alt_dev.o)
 .text          0x0000000004591330        0x0 ../lab5_bsp/\libucosii_bsp.a(alt_errno.o)
 .text          0x0000000004591330       0x74 ../lab5_bsp/\libucosii_bsp.a(alt_fstat.o)
                0x0000000004591330                fstat
 .text          0x00000000045913a4       0xa8 ../lab5_bsp/\libucosii_bsp.a(alt_iic.o)
                0x00000000045913a4                alt_ic_isr_register
                0x00000000045913c4                alt_ic_irq_enable
                0x00000000045913fc                alt_ic_irq_disable
                0x0000000004591434                alt_ic_irq_enabled
 .text          0x000000000459144c       0x6c ../lab5_bsp/\libucosii_bsp.a(alt_iic_isr_register.o)
                0x000000000459144c                alt_iic_isr_register
 .text          0x00000000045914b8        0x0 ../lab5_bsp/\libucosii_bsp.a(alt_irq_entry.o)
 .text          0x00000000045914b8        0x0 ../lab5_bsp/\libucosii_bsp.a(alt_irq_handler.o)
 .text          0x00000000045914b8        0x0 ../lab5_bsp/\libucosii_bsp.a(alt_irq_vars.o)
 .text          0x00000000045914b8       0x84 ../lab5_bsp/\libucosii_bsp.a(alt_isatty.o)
                0x00000000045914b8                isatty
 .text          0x000000000459153c      0x184 ../lab5_bsp/\libucosii_bsp.a(alt_load.o)
                0x000000000459153c                alt_load
 .text          0x00000000045916c0       0x90 ../lab5_bsp/\libucosii_bsp.a(alt_lseek.o)
                0x00000000045916c0                lseek
 .text          0x0000000004591750       0x90 ../lab5_bsp/\libucosii_bsp.a(alt_main.o)
                0x0000000004591750                alt_main
 .text          0x00000000045917e0       0xd8 ../lab5_bsp/\libucosii_bsp.a(alt_read.o)
                0x00000000045917e0                read
 .text          0x00000000045918b8       0x24 ../lab5_bsp/\libucosii_bsp.a(alt_release_fd.o)
                0x00000000045918b8                alt_release_fd
 .text          0x00000000045918dc       0x4c ../lab5_bsp/\libucosii_bsp.a(alt_sbrk.o)
                0x00000000045918dc                sbrk
 .text          0x0000000004591928      0x108 ../lab5_bsp/\libucosii_bsp.a(alt_tick.o)
                0x0000000004591928                alt_alarm_stop
                0x0000000004591960                alt_tick
 .text          0x0000000004591a30       0xd4 ../lab5_bsp/\libucosii_bsp.a(alt_write.o)
                0x0000000004591a30                write
 .text          0x0000000004591b04       0xb8 ../lab5_bsp/\libucosii_bsp.a(alt_env_lock.o)
                0x0000000004591b04                __env_lock
                0x0000000004591b84                __env_unlock
 .text          0x0000000004591bbc      0x110 ../lab5_bsp/\libucosii_bsp.a(alt_malloc_lock.o)
                0x0000000004591bbc                __malloc_lock
                0x0000000004591c60                __malloc_unlock
 .text          0x0000000004591ccc     0x11e4 ../lab5_bsp/\libucosii_bsp.a(os_core.o)
                0x0000000004591d08                OS_TaskIdle
                0x0000000004591d3c                OSIntEnter
                0x0000000004591d64                OSIntExit
                0x0000000004591e10                OSSchedLock
                0x0000000004591e54                OSStart
                0x0000000004591ea4                OSStatInit
                0x0000000004591f08                OSTimeTick
                0x0000000004592028                OSVersion
                0x0000000004592030                OS_Dummy
                0x0000000004592034                OS_EventTaskWait
                0x00000000045920a8                OS_EventTaskWaitMulti
                0x0000000004592134                OS_EventTaskRemove
                0x0000000004592174                OS_EventTaskRemoveMulti
                0x00000000045921cc                OS_EventTaskRdy
                0x00000000045922bc                OS_EventWaitListInit
                0x00000000045922d0                OS_MemClr
                0x00000000045922fc                OSInit
                0x0000000004592524                OS_MemCopy
                0x0000000004592558                OS_Sched
                0x00000000045925e4                OSEventPendMulti
                0x000000000459298c                OSSchedUnlock
                0x0000000004592a04                OS_StrCopy
                0x0000000004592a48                OSEventNameGet
                0x0000000004592b08                OS_StrLen
                0x0000000004592b30                OSEventNameSet
                0x0000000004592c0c                OS_TaskStatStkChk
                0x0000000004592ca0                OS_TaskStat
                0x0000000004592d34                OS_TCBInit
 .text          0x0000000004592eb0        0x4 ../lab5_bsp/\libucosii_bsp.a(os_dbg.o)
                0x0000000004592eb0                OSDebugInit
 .text          0x0000000004592eb4      0xd50 ../lab5_bsp/\libucosii_bsp.a(os_flag.o)
                0x0000000004592f44                OSFlagAccept
                0x00000000045930d8                OSFlagCreate
                0x0000000004593158                OSFlagNameGet
                0x0000000004593218                OSFlagNameSet
                0x00000000045932f4                OSFlagPendGetFlagsRdy
                0x0000000004593314                OSFlagQuery
                0x0000000004593370                OS_FlagInit
                0x0000000004593404                OS_FlagUnlink
                0x00000000045934c0                OSFlagDel
                0x0000000004593638                OSFlagPost
                0x000000000459388c                OSFlagPend
 .text          0x0000000004593c04      0x414 ../lab5_bsp/\libucosii_bsp.a(os_mem.o)
                0x0000000004593c04                OSMemCreate
                0x0000000004593d04                OSMemGet
                0x0000000004593d70                OSMemNameGet
                0x0000000004593e10                OSMemNameSet
                0x0000000004593ed0                OSMemPut
                0x0000000004593f34                OSMemQuery
                0x0000000004593f98                OS_MemInit
 .text          0x0000000004594018      0xa30 ../lab5_bsp/\libucosii_bsp.a(os_q.o)
                0x0000000004594018                OSQAccept
                0x00000000045940b8                OSQCreate
                0x00000000045941a0                OSQDel
                0x000000000459435c                OSQFlush
                0x00000000045943ac                OSQPend
                0x000000000459453c                OSQPendAbort
                0x0000000004594654                OSQPost
                0x000000000459471c                OSQPostFront
                0x00000000045947e4                OSQPostOpt
                0x000000000459494c                OSQQuery
                0x00000000045949ec                OS_QInit
 .text          0x0000000004594a48      0x640 ../lab5_bsp/\libucosii_bsp.a(os_sem.o)
                0x0000000004594a48                OSSemAccept
                0x0000000004594a94                OSSemCreate
                0x0000000004594b18                OSSemDel
                0x0000000004594ca4                OSSemPend
                0x0000000004594de4                OSSemPendAbort
                0x0000000004594efc                OSSemPost
                0x0000000004594fa0                OSSemQuery
                0x0000000004595018                OSSemSet
 .text          0x0000000004595088      0xf24 ../lab5_bsp/\libucosii_bsp.a(os_task.o)
                0x0000000004595088                OSTaskChangePrio
                0x0000000004595324                OSTaskCreate
                0x0000000004595448                OSTaskDel
                0x0000000004595688                OSTaskDelReq
                0x0000000004595750                OSTaskNameGet
                0x000000000459585c                OSTaskNameSet
                0x0000000004595984                OSTaskResume
                0x0000000004595a98                OSTaskStkChk
                0x0000000004595bcc                OSTaskSuspend
                0x0000000004595d10                OSTaskQuery
                0x0000000004595e00                OS_TaskStkClr
                0x0000000004595e24                OSTaskCreateExt
 .text          0x0000000004595fac      0x2e8 ../lab5_bsp/\libucosii_bsp.a(os_time.o)
                0x0000000004595fac                OSTimeDly
                0x000000000459602c                OSTimeDlyHMSM
                0x0000000004596148                OSTimeDlyResume
                0x000000000459625c                OSTimeGet
                0x0000000004596278                OSTimeSet
 .text          0x0000000004596294       0x78 ../lab5_bsp/\libucosii_bsp.a(alt_sys_init.o)
                0x0000000004596294                alt_irq_init
                0x00000000045962b4                alt_sys_init
 .text          0x000000000459630c       0x8c ../lab5_bsp/\libucosii_bsp.a(altera_avalon_jtag_uart_fd.o)
                0x000000000459630c                altera_avalon_jtag_uart_read_fd
                0x0000000004596330                altera_avalon_jtag_uart_write_fd
                0x0000000004596354                altera_avalon_jtag_uart_close_fd
                0x0000000004596378                altera_avalon_jtag_uart_ioctl_fd
 .text          0x0000000004596398      0x320 ../lab5_bsp/\libucosii_bsp.a(altera_avalon_jtag_uart_init.o)
                0x00000000045965bc                altera_avalon_jtag_uart_init
                0x000000000459667c                altera_avalon_jtag_uart_close
 .text          0x00000000045966b8       0x88 ../lab5_bsp/\libucosii_bsp.a(altera_avalon_jtag_uart_ioctl.o)
                0x00000000045966b8                altera_avalon_jtag_uart_ioctl
 .text          0x0000000004596740      0x1c0 ../lab5_bsp/\libucosii_bsp.a(altera_avalon_jtag_uart_read.o)
                0x0000000004596740                altera_avalon_jtag_uart_read
 .text          0x0000000004596900      0x210 ../lab5_bsp/\libucosii_bsp.a(altera_avalon_jtag_uart_write.o)
                0x0000000004596900                altera_avalon_jtag_uart_write
 .text          0x0000000004596b10       0x84 ../lab5_bsp/\libucosii_bsp.a(altera_avalon_timer_sc.o)
                0x0000000004596b4c                alt_avalon_timer_sc_init
 .text          0x0000000004596b94       0x80 ../lab5_bsp/\libucosii_bsp.a(alt_alarm_start.o)
                0x0000000004596b94                alt_alarm_start
 .text          0x0000000004596c14       0x74 ../lab5_bsp/\libucosii_bsp.a(alt_dev_llist_insert.o)
                0x0000000004596c14                alt_dev_llist_insert
 .text          0x0000000004596c88       0x78 ../lab5_bsp/\libucosii_bsp.a(alt_do_ctors.o)
                0x0000000004596c88                _do_ctors
 .text          0x0000000004596d00       0x78 ../lab5_bsp/\libucosii_bsp.a(alt_do_dtors.o)
                0x0000000004596d00                _do_dtors
 .text          0x0000000004596d78        0x0 ../lab5_bsp/\libucosii_bsp.a(alt_exception_entry.o)
 .text          0x0000000004596d78       0x20 ../lab5_bsp/\libucosii_bsp.a(alt_icache_flush_all.o)
                0x0000000004596d78                alt_icache_flush_all
 .text          0x0000000004596d98       0xf8 ../lab5_bsp/\libucosii_bsp.a(alt_io_redirect.o)
                0x0000000004596dfc                alt_io_redirect
 .text          0x0000000004596e90      0x190 ../lab5_bsp/\libucosii_bsp.a(alt_open.o)
                0x0000000004596e90                open
 .text          0x0000000004597020        0x8 ../lab5_bsp/\libucosii_bsp.a(altera_nios2_qsys_irq.o)
                0x0000000004597020                altera_nios2_qsys_irq_init
 .text          0x0000000004597028       0xd0 ../lab5_bsp/\libucosii_bsp.a(os_cpu_a.o)
                0x0000000004597028                OSCtxSw
                0x0000000004597028                OSIntCtxSw
                0x00000000045970b4                OSStartHighRdy
                0x00000000045970d4                OSStartTsk
 .text          0x00000000045970f8       0xfc ../lab5_bsp/\libucosii_bsp.a(os_cpu_c.o)
                0x00000000045970f8                OSTaskStkInit
                0x00000000045971d0                OSTaskCreateHook
                0x00000000045971d4                OSTaskDelHook
                0x00000000045971d8                OSTaskSwHook
                0x00000000045971dc                OSTaskStatHook
                0x00000000045971e0                OSTimeTickHook
                0x00000000045971e4                OSInitHookBegin
                0x00000000045971e8                OSInitHookEnd
                0x00000000045971ec                OSTaskIdleHook
                0x00000000045971f0                OSTCBInitHook
 .text          0x00000000045971f4       0x7c ../lab5_bsp/\libucosii_bsp.a(alt_find_dev.o)
                0x00000000045971f4                alt_find_dev
 .text          0x0000000004597270       0xc0 ../lab5_bsp/\libucosii_bsp.a(alt_find_file.o)
                0x0000000004597270                alt_find_file
 .text          0x0000000004597330       0xa8 ../lab5_bsp/\libucosii_bsp.a(alt_get_fd.o)
                0x0000000004597330                alt_get_fd
 .text          0x00000000045973d8       0x58 ../lab5_bsp/\libucosii_bsp.a(alt_icache_flush.o)
                0x00000000045973d8                alt_icache_flush
 .text          0x0000000004597430        0x0 c:/intelfpga_lite/16.1/nios2eds/bin/gnu/h-x86_64-mingw32/bin/../lib/gcc/nios2-elf/5.3.0/../../../../../H-x86_64-mingw32/nios2-elf/lib\libc.a(lib_a-atexit.o)
 .text.atexit   0x0000000004597430       0x14 c:/intelfpga_lite/16.1/nios2eds/bin/gnu/h-x86_64-mingw32/bin/../lib/gcc/nios2-elf/5.3.0/../../../../../H-x86_64-mingw32/nios2-elf/lib\libc.a(lib_a-atexit.o)
                0x0000000004597430                atexit
 .text          0x0000000004597444        0x0 c:/intelfpga_lite/16.1/nios2eds/bin/gnu/h-x86_64-mingw32/bin/../lib/gcc/nios2-elf/5.3.0/../../../../../H-x86_64-mingw32/nios2-elf/lib\libc.a(lib_a-exit.o)
 .text.exit     0x0000000004597444       0x38 c:/intelfpga_lite/16.1/nios2eds/bin/gnu/h-x86_64-mingw32/bin/../lib/gcc/nios2-elf/5.3.0/../../../../../H-x86_64-mingw32/nios2-elf/lib\libc.a(lib_a-exit.o)
                0x0000000004597444                exit
 .text          0x000000000459747c        0x0 c:/intelfpga_lite/16.1/nios2eds/bin/gnu/h-x86_64-mingw32/bin/../lib/gcc/nios2-elf/5.3.0/../../../../../H-x86_64-mingw32/nios2-elf/lib\libc.a(lib_a-memcmp.o)
 .text.memcmp   0x000000000459747c       0x7c c:/intelfpga_lite/16.1/nios2eds/bin/gnu/h-x86_64-mingw32/bin/../lib/gcc/nios2-elf/5.3.0/../../../../../H-x86_64-mingw32/nios2-elf/lib\libc.a(lib_a-memcmp.o)
                0x000000000459747c                memcmp
 .text          0x00000000045974f8        0x0 c:/intelfpga_lite/16.1/nios2eds/bin/gnu/h-x86_64-mingw32/bin/../lib/gcc/nios2-elf/5.3.0/../../../../../H-x86_64-mingw32/nios2-elf/lib\libc.a(lib_a-__atexit.o)
 .text.__register_exitproc
                0x00000000045974f8      0x118 c:/intelfpga_lite/16.1/nios2eds/bin/gnu/h-x86_64-mingw32/bin/../lib/gcc/nios2-elf/5.3.0/../../../../../H-x86_64-mingw32/nios2-elf/lib\libc.a(lib_a-__atexit.o)
                0x00000000045974f8                __register_exitproc
 .text          0x0000000004597610        0x0 c:/intelfpga_lite/16.1/nios2eds/bin/gnu/h-x86_64-mingw32/bin/../lib/gcc/nios2-elf/5.3.0/../../../../../H-x86_64-mingw32/nios2-elf/lib\libc.a(lib_a-__call_atexit.o)
 .text.__call_exitprocs
                0x0000000004597610      0x180 c:/intelfpga_lite/16.1/nios2eds/bin/gnu/h-x86_64-mingw32/bin/../lib/gcc/nios2-elf/5.3.0/../../../../../H-x86_64-mingw32/nios2-elf/lib\libc.a(lib_a-__call_atexit.o)
                0x0000000004597610                __call_exitprocs
 .text          0x0000000004597790       0x18 ../lab5_bsp/\libucosii_bsp.a(alt_exit.o)
                0x0000000004597790                _exit
 *(.gnu.warning.*)
 *(.fini)
                [!provide]                        PROVIDE (__etext, ABSOLUTE (.))
                [!provide]                        PROVIDE (_etext, ABSOLUTE (.))
                [!provide]                        PROVIDE (etext, ABSOLUTE (.))
 *(.eh_frame_hdr)
                0x00000000045977a8                . = ALIGN (0x4)
                [!provide]                        PROVIDE (__preinit_array_start, ABSOLUTE (.))
 *(.preinit_array)
                [!provide]                        PROVIDE (__preinit_array_end, ABSOLUTE (.))
                [!provide]                        PROVIDE (__init_array_start, ABSOLUTE (.))
 *(.init_array)
                [!provide]                        PROVIDE (__init_array_end, ABSOLUTE (.))
                [!provide]                        PROVIDE (__fini_array_start, ABSOLUTE (.))
 *(.fini_array)
                [!provide]                        PROVIDE (__fini_array_end, ABSOLUTE (.))
 *(.eh_frame)
 *(.gcc_except_table .gcc_except_table.*)
 *(.dynamic)
                0x00000000045977a8                PROVIDE (__CTOR_LIST__, ABSOLUTE (.))
 *(.ctors)
 *(SORT(.ctors.*))
                0x00000000045977a8                PROVIDE (__CTOR_END__, ABSOLUTE (.))
                0x00000000045977a8                PROVIDE (__DTOR_LIST__, ABSOLUTE (.))
 *(.dtors)
 *(SORT(.dtors.*))
                0x00000000045977a8                PROVIDE (__DTOR_END__, ABSOLUTE (.))
 *(.jcr)
                0x00000000045977a8                . = ALIGN (0x4)

.rodata         0x00000000045977a8   0x41bc50
                0x00000000045977a8                PROVIDE (__ram_rodata_start, ABSOLUTE (.))
                0x00000000045977a8                . = ALIGN (0x4)
 *(.rodata .rodata.* .gnu.linkonce.r.*)
 .rodata        0x00000000045977a8     0x77f2 obj/default/fonts/tahomabold_20.o
 .rodata        0x000000000459ef9a    0x12520 obj/default/fonts/tahomabold_32.o
 *fill*         0x00000000045b14ba        0x2 
 .rodata.str1.4
                0x00000000045b14bc        0xe obj/default/graphic_lib/draw_gimps.o
 *fill*         0x00000000045b14ca        0x2 
 .rodata.str1.4
                0x00000000045b14cc       0x45 obj/default/hello_ucosii.o
 *fill*         0x00000000045b1511        0x3 
 .rodata        0x00000000045b1514     0x28cc obj/default/imagenes/back_down.o
                0x00000000045b1514                back_down
 .rodata        0x00000000045b3de0     0x28cc obj/default/imagenes/back_up.o
                0x00000000045b3de0                back_up
 .rodata        0x00000000045b66ac     0x28cc obj/default/imagenes/ford_down.o
                0x00000000045b66ac                ford_down
 .rodata        0x00000000045b8f78     0x28cc obj/default/imagenes/ford_up.o
                0x00000000045b8f78                ford_up
 .rodata        0x00000000045bb844     0x8dd0 obj/default/imagenes/pause_down.o
                0x00000000045bb844                pause_down
 .rodata        0x00000000045c4614     0x8dd0 obj/default/imagenes/pause_up.o
                0x00000000045c4614                pause_up
 .rodata        0x00000000045cd3e4     0x7820 obj/default/imagenes/play_down.o
                0x00000000045cd3e4                play_down
 .rodata        0x00000000045d4c04     0x7820 obj/default/imagenes/play_up.o
                0x00000000045d4c04                play_up
 .rodata        0x00000000045dc424     0x7f88 obj/default/imagenes/stop_down.o
                0x00000000045dc424                stop_down
 .rodata        0x00000000045e43ac     0x7f88 obj/default/imagenes/stop_up.o
                0x00000000045e43ac                stop_up
 .rodata        0x00000000045ec334   0x142440 obj/default/song/song0.o
                0x00000000045ec334                song0
 .rodata        0x000000000472e774   0x142440 obj/default/song/song1.o
                0x000000000472e774                song1
 .rodata        0x0000000004870bb4   0x142440 obj/default/song/song2.o
                0x0000000004870bb4                song2
 .rodata.str1.4
                0x00000000049b2ff4       0x42 c:/intelfpga_lite/16.1/nios2eds/bin/gnu/h-x86_64-mingw32/bin/../lib/gcc/nios2-elf/5.3.0/../../../../../H-x86_64-mingw32/nios2-elf/lib\libc.a(lib_a-vfprintf.o)
 .rodata.zeroes.4404
                0x00000000049b3036       0x10 c:/intelfpga_lite/16.1/nios2eds/bin/gnu/h-x86_64-mingw32/bin/../lib/gcc/nios2-elf/5.3.0/../../../../../H-x86_64-mingw32/nios2-elf/lib\libc.a(lib_a-vfprintf.o)
 .rodata.blanks.4403
                0x00000000049b3046       0x10 c:/intelfpga_lite/16.1/nios2eds/bin/gnu/h-x86_64-mingw32/bin/../lib/gcc/nios2-elf/5.3.0/../../../../../H-x86_64-mingw32/nios2-elf/lib\libc.a(lib_a-vfprintf.o)
 *fill*         0x00000000049b3056        0x2 
 .rodata.str1.4
                0x00000000049b3058       0x10 c:/intelfpga_lite/16.1/nios2eds/bin/gnu/h-x86_64-mingw32/bin/../lib/gcc/nios2-elf/5.3.0/../../../../../H-x86_64-mingw32/nios2-elf/lib\libc.a(lib_a-dtoa.o)
                                         0x12 (size before relaxing)
 .rodata.str1.4
                0x00000000049b3068        0x2 c:/intelfpga_lite/16.1/nios2eds/bin/gnu/h-x86_64-mingw32/bin/../lib/gcc/nios2-elf/5.3.0/../../../../../H-x86_64-mingw32/nios2-elf/lib\libc.a(lib_a-impure.o)
 *fill*         0x00000000049b306a        0x2 
 .rodata.str1.4
                0x00000000049b306c        0xa c:/intelfpga_lite/16.1/nios2eds/bin/gnu/h-x86_64-mingw32/bin/../lib/gcc/nios2-elf/5.3.0/../../../../../H-x86_64-mingw32/nios2-elf/lib\libc.a(lib_a-locale.o)
                                         0x12 (size before relaxing)
 *fill*         0x00000000049b3076        0x2 
 .rodata.p05.2768
                0x00000000049b3078        0xc c:/intelfpga_lite/16.1/nios2eds/bin/gnu/h-x86_64-mingw32/bin/../lib/gcc/nios2-elf/5.3.0/../../../../../H-x86_64-mingw32/nios2-elf/lib\libc.a(lib_a-mprec.o)
 .rodata.__mprec_tinytens
                0x00000000049b3084       0x28 c:/intelfpga_lite/16.1/nios2eds/bin/gnu/h-x86_64-mingw32/bin/../lib/gcc/nios2-elf/5.3.0/../../../../../H-x86_64-mingw32/nios2-elf/lib\libc.a(lib_a-mprec.o)
                0x00000000049b3084                __mprec_tinytens
 .rodata.__mprec_bigtens
                0x00000000049b30ac       0x28 c:/intelfpga_lite/16.1/nios2eds/bin/gnu/h-x86_64-mingw32/bin/../lib/gcc/nios2-elf/5.3.0/../../../../../H-x86_64-mingw32/nios2-elf/lib\libc.a(lib_a-mprec.o)
                0x00000000049b30ac                __mprec_bigtens
 .rodata.__mprec_tens
                0x00000000049b30d4       0xc8 c:/intelfpga_lite/16.1/nios2eds/bin/gnu/h-x86_64-mingw32/bin/../lib/gcc/nios2-elf/5.3.0/../../../../../H-x86_64-mingw32/nios2-elf/lib\libc.a(lib_a-mprec.o)
                0x00000000049b30d4                __mprec_tens
 .rodata.str1.4
                0x00000000049b319c       0x2f c:/intelfpga_lite/16.1/nios2eds/bin/gnu/h-x86_64-mingw32/bin/../lib/gcc/nios2-elf/5.3.0/../../../../../H-x86_64-mingw32/nios2-elf/lib\libc.a(lib_a-vfiprintf.o)
 .rodata.zeroes.4349
                0x00000000049b319c       0x10 c:/intelfpga_lite/16.1/nios2eds/bin/gnu/h-x86_64-mingw32/bin/../lib/gcc/nios2-elf/5.3.0/../../../../../H-x86_64-mingw32/nios2-elf/lib\libc.a(lib_a-vfiprintf.o)
 .rodata.blanks.4348
                0x00000000049b31ac       0x10 c:/intelfpga_lite/16.1/nios2eds/bin/gnu/h-x86_64-mingw32/bin/../lib/gcc/nios2-elf/5.3.0/../../../../../H-x86_64-mingw32/nios2-elf/lib\libc.a(lib_a-vfiprintf.o)
 .rodata        0x00000000049b31bc      0x100 c:/intelfpga_lite/16.1/nios2eds/bin/gnu/h-x86_64-mingw32/bin/../lib/gcc/nios2-elf/5.3.0\libgcc.a(_clz.o)
                0x00000000049b31bc                __clz_tab
 .rodata.str1.4
                0x00000000049b32bc        0xa ../lab5_bsp/\libucosii_bsp.a(alt_dev.o)
 *fill*         0x00000000049b32c6        0x2 
 .rodata.str1.4
                0x00000000049b32c8        0xf ../lab5_bsp/\libucosii_bsp.a(alt_main.o)
 *fill*         0x00000000049b32d7        0x1 
 .rodata.str1.4
                0x00000000049b32d8       0x20 ../lab5_bsp/\libucosii_bsp.a(os_core.o)
                                         0x1e (size before relaxing)
 .rodata        0x00000000049b32f8      0x100 ../lab5_bsp/\libucosii_bsp.a(os_core.o)
                0x00000000049b32f8                OSUnMapTbl
 .rodata.str1.4
                0x00000000049b33f8        0xf ../lab5_bsp/\libucosii_bsp.a(alt_sys_init.o)
 .rodata.str1.4
                0x00000000049b33f8        0x2 ../lab5_bsp/\libucosii_bsp.a(os_cpu_c.o)
 *(.rodata1)
                0x00000000049b3408                . = ALIGN (0x4)
                0x00000000049b3408                PROVIDE (__ram_rodata_end, ABSOLUTE (.))
                0x00000000045977a8                PROVIDE (__flash_rodata_start, LOADADDR (.rodata))

.rwdata         0x00000000049b33f8     0x3724 load address 0x00000000049b6b1c
                0x00000000049b33f8                PROVIDE (__ram_rwdata_start, ABSOLUTE (.))
                0x00000000049b33f8                . = ALIGN (0x4)
 *(.got.plt)
 *(.got)
 *(.data1)
 *(.data .data.* .gnu.linkonce.d.*)
 .data          0x00000000049b33f8        0x0 ../lab5_bsp//obj/HAL/src/crt0.o
 .data          0x00000000049b33f8        0x0 obj/default/drivers/drivers.o
 .data          0x00000000049b33f8      0xbc0 obj/default/fonts/tahomabold_20.o
                0x00000000049b33f8                tahomabold_20
 .data          0x00000000049b3fb8      0xbc0 obj/default/fonts/tahomabold_32.o
                0x00000000049b3fb8                tahomabold_32
 .data          0x00000000049b4b78        0x0 obj/default/frame.o
 .data          0x00000000049b4b78        0x0 obj/default/graphic_lib/draw_gimps.o
 .data          0x00000000049b4b78        0x0 obj/default/graphic_lib/gimp_bmp.o
 .data          0x00000000049b4b78      0x415 obj/default/graphic_lib/simple_graphics.o
                0x00000000049b4b78                cour10_font_array
 .data          0x00000000049b4f8d        0x0 obj/default/graphic_lib/simple_text.o
 *fill*         0x00000000049b4f8d        0x3 
 .data          0x00000000049b4f90        0xc obj/default/hello_ucosii.o
                0x00000000049b4f90                songs
 .data          0x00000000049b4f9c        0x0 obj/default/imagenes/back_down.o
 .data          0x00000000049b4f9c        0x0 obj/default/imagenes/back_up.o
 .data          0x00000000049b4f9c        0x0 obj/default/imagenes/ford_down.o
 .data          0x00000000049b4f9c        0x0 obj/default/imagenes/ford_up.o
 .data          0x00000000049b4f9c        0x0 obj/default/imagenes/pause_down.o
 .data          0x00000000049b4f9c        0x0 obj/default/imagenes/pause_up.o
 .data          0x00000000049b4f9c        0x0 obj/default/imagenes/play_down.o
 .data          0x00000000049b4f9c        0x0 obj/default/imagenes/play_up.o
 .data          0x00000000049b4f9c        0x0 obj/default/imagenes/stop_down.o
 .data          0x00000000049b4f9c        0x0 obj/default/imagenes/stop_up.o
 .data          0x00000000049b4f9c        0x0 obj/default/song/song0.o
 .data          0x00000000049b4f9c        0x0 obj/default/song/song1.o
 .data          0x00000000049b4f9c        0x0 obj/default/song/song2.o
 .data          0x00000000049b4f9c        0x0 obj/default/student_code/student_code.o
 .data          0x00000000049b4f9c        0x0 obj/default/vip_fr.o
 .data          0x00000000049b4f9c        0x0 c:/intelfpga_lite/16.1/nios2eds/bin/gnu/h-x86_64-mingw32/bin/../lib/gcc/nios2-elf/5.3.0\libgcc.a(lib2-divmod.o)
 .data          0x00000000049b4f9c        0x0 c:/intelfpga_lite/16.1/nios2eds/bin/gnu/h-x86_64-mingw32/bin/../lib/gcc/nios2-elf/5.3.0\libgcc.a(fixsfsi.o)
 .data          0x00000000049b4f9c        0x0 c:/intelfpga_lite/16.1/nios2eds/bin/gnu/h-x86_64-mingw32/bin/../lib/gcc/nios2-elf/5.3.0/../../../../../H-x86_64-mingw32/nios2-elf/lib\libc.a(lib_a-malloc.o)
 .data          0x00000000049b4f9c        0x0 c:/intelfpga_lite/16.1/nios2eds/bin/gnu/h-x86_64-mingw32/bin/../lib/gcc/nios2-elf/5.3.0/../../../../../H-x86_64-mingw32/nios2-elf/lib\libc.a(lib_a-mallocr.o)
 .data.__malloc_av_
                0x00000000049b4f9c      0x408 c:/intelfpga_lite/16.1/nios2eds/bin/gnu/h-x86_64-mingw32/bin/../lib/gcc/nios2-elf/5.3.0/../../../../../H-x86_64-mingw32/nios2-elf/lib\libc.a(lib_a-mallocr.o)
                0x00000000049b4f9c                __malloc_av_
 .data          0x00000000049b53a4        0x0 c:/intelfpga_lite/16.1/nios2eds/bin/gnu/h-x86_64-mingw32/bin/../lib/gcc/nios2-elf/5.3.0/../../../../../H-x86_64-mingw32/nios2-elf/lib\libc.a(lib_a-memcpy.o)
 .data          0x00000000049b53a4        0x0 c:/intelfpga_lite/16.1/nios2eds/bin/gnu/h-x86_64-mingw32/bin/../lib/gcc/nios2-elf/5.3.0/../../../../../H-x86_64-mingw32/nios2-elf/lib\libc.a(lib_a-memset.o)
 .data          0x00000000049b53a4        0x0 c:/intelfpga_lite/16.1/nios2eds/bin/gnu/h-x86_64-mingw32/bin/../lib/gcc/nios2-elf/5.3.0/../../../../../H-x86_64-mingw32/nios2-elf/lib\libc.a(lib_a-printf.o)
 .data          0x00000000049b53a4        0x0 c:/intelfpga_lite/16.1/nios2eds/bin/gnu/h-x86_64-mingw32/bin/../lib/gcc/nios2-elf/5.3.0/../../../../../H-x86_64-mingw32/nios2-elf/lib\libc.a(lib_a-sbrkr.o)
 .data          0x00000000049b53a4        0x0 c:/intelfpga_lite/16.1/nios2eds/bin/gnu/h-x86_64-mingw32/bin/../lib/gcc/nios2-elf/5.3.0/../../../../../H-x86_64-mingw32/nios2-elf/lib\libc.a(lib_a-strcpy.o)
 .data          0x00000000049b53a4        0x0 c:/intelfpga_lite/16.1/nios2eds/bin/gnu/h-x86_64-mingw32/bin/../lib/gcc/nios2-elf/5.3.0/../../../../../H-x86_64-mingw32/nios2-elf/lib\libc.a(lib_a-strlen.o)
 .data          0x00000000049b53a4        0x0 c:/intelfpga_lite/16.1/nios2eds/bin/gnu/h-x86_64-mingw32/bin/../lib/gcc/nios2-elf/5.3.0/../../../../../H-x86_64-mingw32/nios2-elf/lib\libc.a(lib_a-vfprintf.o)
 .data          0x00000000049b53a4        0x0 c:/intelfpga_lite/16.1/nios2eds/bin/gnu/h-x86_64-mingw32/bin/../lib/gcc/nios2-elf/5.3.0/../../../../../H-x86_64-mingw32/nios2-elf/lib\libc.a(lib_a-wsetup.o)
 .data          0x00000000049b53a4        0x0 c:/intelfpga_lite/16.1/nios2eds/bin/gnu/h-x86_64-mingw32/bin/../lib/gcc/nios2-elf/5.3.0/../../../../../H-x86_64-mingw32/nios2-elf/lib\libc.a(lib_a-dtoa.o)
 .data          0x00000000049b53a4        0x0 c:/intelfpga_lite/16.1/nios2eds/bin/gnu/h-x86_64-mingw32/bin/../lib/gcc/nios2-elf/5.3.0/../../../../../H-x86_64-mingw32/nios2-elf/lib\libc.a(lib_a-fflush.o)
 .data          0x00000000049b53a4        0x0 c:/intelfpga_lite/16.1/nios2eds/bin/gnu/h-x86_64-mingw32/bin/../lib/gcc/nios2-elf/5.3.0/../../../../../H-x86_64-mingw32/nios2-elf/lib\libc.a(lib_a-findfp.o)
 .data          0x00000000049b53a4        0x0 c:/intelfpga_lite/16.1/nios2eds/bin/gnu/h-x86_64-mingw32/bin/../lib/gcc/nios2-elf/5.3.0/../../../../../H-x86_64-mingw32/nios2-elf/lib\libc.a(lib_a-freer.o)
 .data          0x00000000049b53a4        0x0 c:/intelfpga_lite/16.1/nios2eds/bin/gnu/h-x86_64-mingw32/bin/../lib/gcc/nios2-elf/5.3.0/../../../../../H-x86_64-mingw32/nios2-elf/lib\libc.a(lib_a-fwalk.o)
 .data          0x00000000049b53a4        0x0 c:/intelfpga_lite/16.1/nios2eds/bin/gnu/h-x86_64-mingw32/bin/../lib/gcc/nios2-elf/5.3.0/../../../../../H-x86_64-mingw32/nios2-elf/lib\libc.a(lib_a-impure.o)
 .data.impure_data
                0x00000000049b53a4      0x424 c:/intelfpga_lite/16.1/nios2eds/bin/gnu/h-x86_64-mingw32/bin/../lib/gcc/nios2-elf/5.3.0/../../../../../H-x86_64-mingw32/nios2-elf/lib\libc.a(lib_a-impure.o)
 .data          0x00000000049b57c8        0x0 c:/intelfpga_lite/16.1/nios2eds/bin/gnu/h-x86_64-mingw32/bin/../lib/gcc/nios2-elf/5.3.0/../../../../../H-x86_64-mingw32/nios2-elf/lib\libc.a(lib_a-int_errno.o)
 .data          0x00000000049b57c8        0x0 c:/intelfpga_lite/16.1/nios2eds/bin/gnu/h-x86_64-mingw32/bin/../lib/gcc/nios2-elf/5.3.0/../../../../../H-x86_64-mingw32/nios2-elf/lib\libc.a(lib_a-locale.o)
 .data.lc_message_charset
                0x00000000049b57c8       0x20 c:/intelfpga_lite/16.1/nios2eds/bin/gnu/h-x86_64-mingw32/bin/../lib/gcc/nios2-elf/5.3.0/../../../../../H-x86_64-mingw32/nios2-elf/lib\libc.a(lib_a-locale.o)
 .data.lc_ctype_charset
                0x00000000049b57e8       0x20 c:/intelfpga_lite/16.1/nios2eds/bin/gnu/h-x86_64-mingw32/bin/../lib/gcc/nios2-elf/5.3.0/../../../../../H-x86_64-mingw32/nios2-elf/lib\libc.a(lib_a-locale.o)
 .data.lconv    0x00000000049b5808       0x38 c:/intelfpga_lite/16.1/nios2eds/bin/gnu/h-x86_64-mingw32/bin/../lib/gcc/nios2-elf/5.3.0/../../../../../H-x86_64-mingw32/nios2-elf/lib\libc.a(lib_a-locale.o)
 .data          0x00000000049b5840        0x0 c:/intelfpga_lite/16.1/nios2eds/bin/gnu/h-x86_64-mingw32/bin/../lib/gcc/nios2-elf/5.3.0/../../../../../H-x86_64-mingw32/nios2-elf/lib\libc.a(lib_a-makebuf.o)
 .data          0x00000000049b5840        0x0 c:/intelfpga_lite/16.1/nios2eds/bin/gnu/h-x86_64-mingw32/bin/../lib/gcc/nios2-elf/5.3.0/../../../../../H-x86_64-mingw32/nios2-elf/lib\libc.a(lib_a-memchr.o)
 .data          0x00000000049b5840        0x0 c:/intelfpga_lite/16.1/nios2eds/bin/gnu/h-x86_64-mingw32/bin/../lib/gcc/nios2-elf/5.3.0/../../../../../H-x86_64-mingw32/nios2-elf/lib\libc.a(lib_a-mprec.o)
 .data          0x00000000049b5840        0x0 c:/intelfpga_lite/16.1/nios2eds/bin/gnu/h-x86_64-mingw32/bin/../lib/gcc/nios2-elf/5.3.0/../../../../../H-x86_64-mingw32/nios2-elf/lib\libc.a(lib_a-s_fpclassify.o)
 .data          0x00000000049b5840        0x0 c:/intelfpga_lite/16.1/nios2eds/bin/gnu/h-x86_64-mingw32/bin/../lib/gcc/nios2-elf/5.3.0/../../../../../H-x86_64-mingw32/nios2-elf/lib\libc.a(lib_a-stdio.o)
 .data          0x00000000049b5840        0x0 c:/intelfpga_lite/16.1/nios2eds/bin/gnu/h-x86_64-mingw32/bin/../lib/gcc/nios2-elf/5.3.0/../../../../../H-x86_64-mingw32/nios2-elf/lib\libc.a(lib_a-strcmp.o)
 .data          0x00000000049b5840        0x0 c:/intelfpga_lite/16.1/nios2eds/bin/gnu/h-x86_64-mingw32/bin/../lib/gcc/nios2-elf/5.3.0/../../../../../H-x86_64-mingw32/nios2-elf/lib\libc.a(lib_a-vfiprintf.o)
 .data          0x00000000049b5840        0x0 c:/intelfpga_lite/16.1/nios2eds/bin/gnu/h-x86_64-mingw32/bin/../lib/gcc/nios2-elf/5.3.0/../../../../../H-x86_64-mingw32/nios2-elf/lib\libc.a(lib_a-writer.o)
 .data          0x00000000049b5840        0x0 c:/intelfpga_lite/16.1/nios2eds/bin/gnu/h-x86_64-mingw32/bin/../lib/gcc/nios2-elf/5.3.0/../../../../../H-x86_64-mingw32/nios2-elf/lib\libc.a(closer.o)
 .data          0x00000000049b5840        0x0 c:/intelfpga_lite/16.1/nios2eds/bin/gnu/h-x86_64-mingw32/bin/../lib/gcc/nios2-elf/5.3.0/../../../../../H-x86_64-mingw32/nios2-elf/lib\libc.a(lib_a-callocr.o)
 .data          0x00000000049b5840        0x0 c:/intelfpga_lite/16.1/nios2eds/bin/gnu/h-x86_64-mingw32/bin/../lib/gcc/nios2-elf/5.3.0/../../../../../H-x86_64-mingw32/nios2-elf/lib\libc.a(lib_a-fclose.o)
 .data          0x00000000049b5840        0x0 c:/intelfpga_lite/16.1/nios2eds/bin/gnu/h-x86_64-mingw32/bin/../lib/gcc/nios2-elf/5.3.0/../../../../../H-x86_64-mingw32/nios2-elf/lib\libc.a(lib_a-fputwc.o)
 .data          0x00000000049b5840        0x0 c:/intelfpga_lite/16.1/nios2eds/bin/gnu/h-x86_64-mingw32/bin/../lib/gcc/nios2-elf/5.3.0/../../../../../H-x86_64-mingw32/nios2-elf/lib\libc.a(lib_a-fstatr.o)
 .data          0x00000000049b5840        0x0 c:/intelfpga_lite/16.1/nios2eds/bin/gnu/h-x86_64-mingw32/bin/../lib/gcc/nios2-elf/5.3.0/../../../../../H-x86_64-mingw32/nios2-elf/lib\libc.a(lib_a-fvwrite.o)
 .data          0x00000000049b5840        0x0 c:/intelfpga_lite/16.1/nios2eds/bin/gnu/h-x86_64-mingw32/bin/../lib/gcc/nios2-elf/5.3.0/../../../../../H-x86_64-mingw32/nios2-elf/lib\libc.a(lib_a-isattyr.o)
 .data          0x00000000049b5840        0x0 c:/intelfpga_lite/16.1/nios2eds/bin/gnu/h-x86_64-mingw32/bin/../lib/gcc/nios2-elf/5.3.0/../../../../../H-x86_64-mingw32/nios2-elf/lib\libc.a(lib_a-lseekr.o)
 .data          0x00000000049b5840        0x0 c:/intelfpga_lite/16.1/nios2eds/bin/gnu/h-x86_64-mingw32/bin/../lib/gcc/nios2-elf/5.3.0/../../../../../H-x86_64-mingw32/nios2-elf/lib\libc.a(lib_a-memmove.o)
 .data          0x00000000049b5840        0x0 c:/intelfpga_lite/16.1/nios2eds/bin/gnu/h-x86_64-mingw32/bin/../lib/gcc/nios2-elf/5.3.0/../../../../../H-x86_64-mingw32/nios2-elf/lib\libc.a(lib_a-readr.o)
 .data          0x00000000049b5840        0x0 c:/intelfpga_lite/16.1/nios2eds/bin/gnu/h-x86_64-mingw32/bin/../lib/gcc/nios2-elf/5.3.0/../../../../../H-x86_64-mingw32/nios2-elf/lib\libc.a(lib_a-reallocr.o)
 .data          0x00000000049b5840        0x0 c:/intelfpga_lite/16.1/nios2eds/bin/gnu/h-x86_64-mingw32/bin/../lib/gcc/nios2-elf/5.3.0/../../../../../H-x86_64-mingw32/nios2-elf/lib\libc.a(lib_a-wbuf.o)
 .data          0x00000000049b5840        0x0 c:/intelfpga_lite/16.1/nios2eds/bin/gnu/h-x86_64-mingw32/bin/../lib/gcc/nios2-elf/5.3.0/../../../../../H-x86_64-mingw32/nios2-elf/lib\libc.a(lib_a-wcrtomb.o)
 .data          0x00000000049b5840        0x0 c:/intelfpga_lite/16.1/nios2eds/bin/gnu/h-x86_64-mingw32/bin/../lib/gcc/nios2-elf/5.3.0/../../../../../H-x86_64-mingw32/nios2-elf/lib\libc.a(lib_a-wctomb_r.o)
 .data          0x00000000049b5840        0x0 c:/intelfpga_lite/16.1/nios2eds/bin/gnu/h-x86_64-mingw32/bin/../lib/gcc/nios2-elf/5.3.0\libgcc.a(_udivdi3.o)
 .data          0x00000000049b5840        0x0 c:/intelfpga_lite/16.1/nios2eds/bin/gnu/h-x86_64-mingw32/bin/../lib/gcc/nios2-elf/5.3.0\libgcc.a(_umoddi3.o)
 .data          0x00000000049b5840        0x0 c:/intelfpga_lite/16.1/nios2eds/bin/gnu/h-x86_64-mingw32/bin/../lib/gcc/nios2-elf/5.3.0\libgcc.a(adddf3.o)
 .data          0x00000000049b5840        0x0 c:/intelfpga_lite/16.1/nios2eds/bin/gnu/h-x86_64-mingw32/bin/../lib/gcc/nios2-elf/5.3.0\libgcc.a(divdf3.o)
 .data          0x00000000049b5840        0x0 c:/intelfpga_lite/16.1/nios2eds/bin/gnu/h-x86_64-mingw32/bin/../lib/gcc/nios2-elf/5.3.0\libgcc.a(eqdf2.o)
 .data          0x00000000049b5840        0x0 c:/intelfpga_lite/16.1/nios2eds/bin/gnu/h-x86_64-mingw32/bin/../lib/gcc/nios2-elf/5.3.0\libgcc.a(gedf2.o)
 .data          0x00000000049b5840        0x0 c:/intelfpga_lite/16.1/nios2eds/bin/gnu/h-x86_64-mingw32/bin/../lib/gcc/nios2-elf/5.3.0\libgcc.a(ledf2.o)
 .data          0x00000000049b5840        0x0 c:/intelfpga_lite/16.1/nios2eds/bin/gnu/h-x86_64-mingw32/bin/../lib/gcc/nios2-elf/5.3.0\libgcc.a(muldf3.o)
 .data          0x00000000049b5840        0x0 c:/intelfpga_lite/16.1/nios2eds/bin/gnu/h-x86_64-mingw32/bin/../lib/gcc/nios2-elf/5.3.0\libgcc.a(subdf3.o)
 .data          0x00000000049b5840        0x0 c:/intelfpga_lite/16.1/nios2eds/bin/gnu/h-x86_64-mingw32/bin/../lib/gcc/nios2-elf/5.3.0\libgcc.a(fixdfsi.o)
 .data          0x00000000049b5840        0x0 c:/intelfpga_lite/16.1/nios2eds/bin/gnu/h-x86_64-mingw32/bin/../lib/gcc/nios2-elf/5.3.0\libgcc.a(floatsidf.o)
 .data          0x00000000049b5840        0x0 c:/intelfpga_lite/16.1/nios2eds/bin/gnu/h-x86_64-mingw32/bin/../lib/gcc/nios2-elf/5.3.0\libgcc.a(floatunsidf.o)
 .data          0x00000000049b5840        0x0 c:/intelfpga_lite/16.1/nios2eds/bin/gnu/h-x86_64-mingw32/bin/../lib/gcc/nios2-elf/5.3.0\libgcc.a(_clz.o)
 .data          0x00000000049b5840        0x0 c:/intelfpga_lite/16.1/nios2eds/bin/gnu/h-x86_64-mingw32/bin/../lib/gcc/nios2-elf/5.3.0\libgcc.a(_clzsi2.o)
 .data          0x00000000049b5840        0x0 ../lab5_bsp/\libucosii_bsp.a(alt_close.o)
 .data          0x00000000049b5840        0x0 ../lab5_bsp/\libucosii_bsp.a(alt_dcache_flush_all.o)
 .data          0x00000000049b5840      0x1a8 ../lab5_bsp/\libucosii_bsp.a(alt_dev.o)
                0x00000000049b5840                alt_fd_list
                0x00000000049b59c0                alt_dev_null
 .data          0x00000000049b59e8        0x0 ../lab5_bsp/\libucosii_bsp.a(alt_errno.o)
 .data          0x00000000049b59e8        0x0 ../lab5_bsp/\libucosii_bsp.a(alt_fstat.o)
 .data          0x00000000049b59e8        0x0 ../lab5_bsp/\libucosii_bsp.a(alt_iic.o)
 .data          0x00000000049b59e8        0x0 ../lab5_bsp/\libucosii_bsp.a(alt_iic_isr_register.o)
 .data          0x00000000049b59e8        0x0 ../lab5_bsp/\libucosii_bsp.a(alt_irq_entry.o)
 .data          0x00000000049b59e8        0x0 ../lab5_bsp/\libucosii_bsp.a(alt_irq_handler.o)
 .data          0x00000000049b59e8        0x0 ../lab5_bsp/\libucosii_bsp.a(alt_irq_vars.o)
 .data          0x00000000049b59e8        0x0 ../lab5_bsp/\libucosii_bsp.a(alt_isatty.o)
 .data          0x00000000049b59e8        0x0 ../lab5_bsp/\libucosii_bsp.a(alt_load.o)
 .data          0x00000000049b59e8        0x0 ../lab5_bsp/\libucosii_bsp.a(alt_lseek.o)
 .data          0x00000000049b59e8        0x0 ../lab5_bsp/\libucosii_bsp.a(alt_main.o)
 .data          0x00000000049b59e8        0x0 ../lab5_bsp/\libucosii_bsp.a(alt_read.o)
 .data          0x00000000049b59e8        0x0 ../lab5_bsp/\libucosii_bsp.a(alt_release_fd.o)
 .data          0x00000000049b59e8        0x0 ../lab5_bsp/\libucosii_bsp.a(alt_sbrk.o)
 .data          0x00000000049b59e8        0x0 ../lab5_bsp/\libucosii_bsp.a(alt_tick.o)
 .data          0x00000000049b59e8        0x0 ../lab5_bsp/\libucosii_bsp.a(alt_write.o)
 .data          0x00000000049b59e8        0x0 ../lab5_bsp/\libucosii_bsp.a(alt_env_lock.o)
 .data          0x00000000049b59e8        0x0 ../lab5_bsp/\libucosii_bsp.a(alt_malloc_lock.o)
 .data          0x00000000049b59e8        0x0 ../lab5_bsp/\libucosii_bsp.a(os_core.o)
 .data          0x00000000049b59e8        0x0 ../lab5_bsp/\libucosii_bsp.a(os_dbg.o)
 .data          0x00000000049b59e8        0x0 ../lab5_bsp/\libucosii_bsp.a(os_flag.o)
 .data          0x00000000049b59e8        0x0 ../lab5_bsp/\libucosii_bsp.a(os_mem.o)
 .data          0x00000000049b59e8        0x0 ../lab5_bsp/\libucosii_bsp.a(os_q.o)
 .data          0x00000000049b59e8        0x0 ../lab5_bsp/\libucosii_bsp.a(os_sem.o)